MPLINK 3.90, Linker
Linker Map File - Created Mon Feb 20 17:49:29 2006

                                 Section Info
                  Section       Type    Address   Location Size(Bytes)
                ---------  ---------  ---------  ---------  ---------
               _entry_scn       code   0x000800    program   0x000006
 .idata_user_routines.o_i    romdata   0x000806    program   0x000002
      InterruptVectorHigh       code   0x000808    program   0x000006
          .code_adcbusy.o       code   0x00080e    program   0x00000a
       InterruptVectorLow       code   0x000818    program   0x000006
                   .cinit    romdata   0x00081e    program   0x000092
  .code_catlin_launcher.o       code   0x0008b0    program   0x0017e6
         .code_vfprintf.o       code   0x002096    program   0x000c22
  .code_catlin_routines.o       code   0x002cb8    program   0x00090a
                     PROG       code   0x0035c2    program   0x000766
.code_camera_autonomous_d.o       code   0x003d28    program   0x000752
           .code_camera.o       code   0x00447a    program   0x000738
      .code_ifi_library.o       code   0x004bb2    program   0x000722
    .code_user_routines.o       code   0x0052d4    program   0x0006e2
         .code_tracking.o       code   0x0059b6    program   0x000648
           .code_sincos.o       code   0x005ffe    program   0x0005a6
         .code_asinacos.o       code   0x0065a4    program   0x000506
             .code_sqrt.o       code   0x006aaa    program   0x000442
                 UTIL_LIB       code   0x006eec    program   0x000396
     .code_serial_ports.o       code   0x007282    program   0x0002d4
.code_user_routines_fast.o       code   0x007556    program   0x00029a
         .code_terminal.o       code   0x0077f0    program   0x000202
       .code_interrupts.o       code   0x0079f2    program   0x000202
    .code_ifi_utilities.o       code   0x007bf4    program   0x0001de
      .code_catlin_fire.o       code   0x007dd2    program   0x0001ba
           .code_eeprom.o       code   0x007f8c    program   0x0001a4
.code_catlin_autonomous.o       code   0x008130    program   0x000182
             .stringtable    romdata   0x0082b2    program   0x000134
            .code_ldexp.o       code   0x0083e6    program   0x000134
         .code_UnpkMath.o       code   0x00851a    program   0x00011c
         .code_PackMath.o       code   0x008636    program   0x00011a
               _cinit_scn       code   0x008750    program   0x00009e
           .code_printf.o       code   0x0087ee    program   0x000094
             .code_putc.o       code   0x008882    program   0x000084
          .code_fxm3232.o       code   0x008906    program   0x000070
          .code_adcopen.o       code   0x008976    program   0x000068
                   STRING       code   0x0089de    program   0x000066
         .code_spi1open.o       code   0x008a44    program   0x000066
             .code_fabs.o       code   0x008aaa    program   0x000066
           .code_u1open.o       code   0x008b10    program   0x000064
              .code_sin.o       code   0x008b74    program   0x000050
             .code_asin.o       code   0x008bc4    program   0x00004e
         .code_fxd3232u.o       code   0x008c12    program   0x000048
          .code_adcread.o       code   0x008c5a    program   0x00003e
         .code_fxd1616u.o       code   0x008c98    program   0x00002c
             .code_main.o       code   0x008cc4    program   0x000028
                    CTYPE       code   0x008cec    program   0x000024
             _startup_scn       code   0x008d10    program   0x000020
              D1KTCYXCODE       code   0x008d30    program   0x000020
                    STDIO       code   0x008d50    program   0x00001c
         .code_fxd0808u.o       code   0x008d6c    program   0x00001c
              D10TCYXCODE       code   0x008d88    program   0x000016
      .romdata_vfprintf.o    romdata   0x008d9e    program   0x000011
          .romdata_fabs.o    romdata   0x008daf    program   0x000000
         .romdata_errno.o    romdata   0x008daf    program   0x000000
   .romdata_ifi_library.o    romdata   0x008daf    program   0x000000
          .romdata_putc.o    romdata   0x008daf    program   0x000000
        .romdata_printf.o    romdata   0x008daf    program   0x000000
           .romdata_sin.o    romdata   0x008daf    program   0x000000
        .romdata_u1open.o    romdata   0x008daf    program   0x000000
      .romdata_UnpkMath.o    romdata   0x008daf    program   0x000000
        .romdata_sincos.o    romdata   0x008daf    program   0x000000
          .romdata_sqrt.o    romdata   0x008daf    program   0x000000
       .romdata_fxm3232.o    romdata   0x008daf    program   0x000000
       .romdata_adcopen.o    romdata   0x008daf    program   0x000000
      .romdata_asinacos.o    romdata   0x008daf    program   0x000000
      .romdata_spi1open.o    romdata   0x008daf    program   0x000000
      .romdata_PackMath.o    romdata   0x008daf    program   0x000000
       .romdata_adcread.o    romdata   0x008daf    program   0x000000
      .idata_vfprintf.o_i    romdata   0x008daf    program   0x000000
        .romdata_stdout.o    romdata   0x008daf    program   0x000000
         .romdata_ldexp.o    romdata   0x008daf    program   0x000000
          .romdata_asin.o    romdata   0x008daf    program   0x000000
.romdata_catlin_launcher.o    romdata   0x008daf    program   0x000000
      .romdata_tracking.o    romdata   0x008daf    program   0x000000
.romdata_camera_autonomous_d.o    romdata   0x008daf    program   0x000000
      .romdata_terminal.o    romdata   0x008daf    program   0x000000
 .romdata_user_routines.o    romdata   0x008daf    program   0x000000
.romdata_catlin_autonomous.o    romdata   0x008daf    program   0x000000
.idata_user_routines_fast.o_i    romdata   0x008daf    program   0x000001
  .romdata_serial_ports.o    romdata   0x008daf    program   0x000000
       .romdata_adcbusy.o    romdata   0x008daf    program   0x000000
.romdata_user_routines_fast.o    romdata   0x008daf    program   0x000000
          .romdata_main.o    romdata   0x008daf    program   0x000000
      .romdata_adcclose.o    romdata   0x008daf    program   0x000000
   .romdata_catlin_fire.o    romdata   0x008daf    program   0x000000
.romdata_catlin_routines.o    romdata   0x008daf    program   0x000000
       .romdata_adcconv.o    romdata   0x008daf    program   0x000000
 .romdata_ifi_utilities.o    romdata   0x008daf    program   0x000000
    .romdata_interrupts.o    romdata   0x008daf    program   0x000000
      .romdata_fxd0808u.o    romdata   0x008daf    program   0x000000
        .romdata_eeprom.o    romdata   0x008daf    program   0x000000
      .romdata_fxd1616u.o    romdata   0x008daf    program   0x000000
   .romdata_ifi_startup.o    romdata   0x008daf    program   0x000000
        .romdata_camera.o    romdata   0x008daf    program   0x000000
      .romdata_fxd3232u.o    romdata   0x008daf    program   0x000000
         .code_adcclose.o       code   0x008db0    program   0x000006
          .code_adcconv.o       code   0x008db6    program   0x000004
        .idata_u1open.o_i    romdata   0x008dba    program   0x000000
      .idata_tracking.o_i    romdata   0x008dba    program   0x00000d
      .idata_terminal.o_i    romdata   0x008dc7    program   0x000005
        .idata_stdout.o_i    romdata   0x008dcc    program   0x000002
  .idata_serial_ports.o_i    romdata   0x008dce    program   0x000019
      .idata_spi1open.o_i    romdata   0x008dce    program   0x000000
          .idata_sqrt.o_i    romdata   0x008dce    program   0x000000
           .idata_sin.o_i    romdata   0x008dce    program   0x000000
        .idata_sincos.o_i    romdata   0x008dce    program   0x000000
         .idata_ldexp.o_i    romdata   0x008de7    program   0x000000
    .idata_interrupts.o_i    romdata   0x008de7    program   0x000000
          .idata_main.o_i    romdata   0x008de7    program   0x000000
 .idata_ifi_utilities.o_i    romdata   0x008de7    program   0x000004
          .idata_putc.o_i    romdata   0x008de7    program   0x000000
        .idata_printf.o_i    romdata   0x008de7    program   0x000000
        .idata_eeprom.o_i    romdata   0x008deb    program   0x000005
          .idata_fabs.o_i    romdata   0x008deb    program   0x000000
      .idata_fxd3232u.o_i    romdata   0x008deb    program   0x000000
         .idata_errno.o_i    romdata   0x008deb    program   0x000000
   .idata_ifi_startup.o_i    romdata   0x008deb    program   0x000000
   .idata_ifi_library.o_i    romdata   0x008deb    program   0x000000
      .idata_fxd1616u.o_i    romdata   0x008deb    program   0x000000
      .idata_fxd0808u.o_i    romdata   0x008deb    program   0x000000
       .idata_fxm3232.o_i    romdata   0x008deb    program   0x000000
.idata_catlin_routines.o_i    romdata   0x008df0    program   0x000002
   .idata_catlin_fire.o_i    romdata   0x008df2    program   0x000000
.idata_catlin_launcher.o_i    romdata   0x008df2    program   0x000000
.idata_catlin_autonomous.o_i    romdata   0x008df2    program   0x000008
.idata_camera_autonomous_d.o_i    romdata   0x008dfa    program   0x000002
        .idata_camera.o_i    romdata   0x008dfc    program   0x00000c
      .idata_adcclose.o_i    romdata   0x008e08    program   0x000000
       .idata_adcread.o_i    romdata   0x008e08    program   0x000000
          .idata_asin.o_i    romdata   0x008e08    program   0x000000
       .idata_adcconv.o_i    romdata   0x008e08    program   0x000000
       .idata_adcopen.o_i    romdata   0x008e08    program   0x000000
           .code_stdout.o       code   0x008e08    program   0x000000
       .idata_adcbusy.o_i    romdata   0x008e08    program   0x000000
      .code_ifi_startup.o       code   0x008e08    program   0x000000
      .idata_asinacos.o_i    romdata   0x008e08    program   0x000000
      .idata_UnpkMath.o_i    romdata   0x008e08    program   0x000000
      .idata_PackMath.o_i    romdata   0x008e08    program   0x000000
            .code_errno.o       code   0x008e08    program   0x000000
                 .tmpdata      udata   0x000000       data   0x000024
                  SPI_VAR      udata   0x000024       data   0x000017
                MATH_DATA      udata   0x00003b       data   0x000014
                DELAYDAT1      udata   0x00004f       data   0x000001
                 COPY_VAR      udata   0x000080       data   0x000080
    .udata_serial_ports.o      udata   0x000100       data   0x000080
            .udata_main.o      udata   0x000180       data   0x000041
          .udata_camera.o      udata   0x0001c1       data   0x000031
     .udata_ifi_library.o      udata   0x0001f2       data   0x00000d
.idata_user_routines_fast.o      idata   0x0001ff       data   0x000001
    .idata_serial_ports.o      idata   0x000200       data   0x000019
      .udata_interrupts.o      udata   0x000219       data   0x000014
 .udata_catlin_routines.o      udata   0x00022d       data   0x000012
        .idata_tracking.o      idata   0x00023f       data   0x00000d
          .idata_camera.o      idata   0x00024c       data   0x00000c
     .udata_catlin_fire.o      udata   0x000258       data   0x00000b
     .udata_ifi_startup.o      udata   0x000263       data   0x00000a
.idata_catlin_autonomous.o      idata   0x00026d       data   0x000008
        .idata_terminal.o      idata   0x000275       data   0x000005
          .idata_eeprom.o      idata   0x00027a       data   0x000005
   .udata_ifi_utilities.o      udata   0x00027f       data   0x000004
 .udata_catlin_launcher.o      udata   0x000283       data   0x000004
   .idata_ifi_utilities.o      idata   0x000287       data   0x000004
   .udata_user_routines.o      udata   0x00028b       data   0x000002
           .udata_errno.o      udata   0x00028d       data   0x000002
   .idata_user_routines.o      idata   0x00028f       data   0x000002
          .idata_stdout.o      idata   0x000291       data   0x000002
 .idata_catlin_routines.o      idata   0x000293       data   0x000002
.idata_camera_autonomous_d.o      idata   0x000295       data   0x000002
        .idata_UnpkMath.o      idata   0x000297       data   0x000000
        .udata_UnpkMath.o      udata   0x000297       data   0x000000
           .idata_errno.o      idata   0x000297       data   0x000000
        .idata_asinacos.o      idata   0x000297       data   0x000000
        .udata_asinacos.o      udata   0x000297       data   0x000000
            .udata_fabs.o      udata   0x000297       data   0x000000
            .idata_fabs.o      idata   0x000297       data   0x000000
          .udata_printf.o      udata   0x000297       data   0x000000
            .idata_asin.o      idata   0x000297       data   0x000000
            .udata_asin.o      udata   0x000297       data   0x000000
          .idata_printf.o      idata   0x000297       data   0x000000
         .idata_adcread.o      idata   0x000297       data   0x000000
             .udata_sin.o      udata   0x000297       data   0x000000
             .idata_sin.o      idata   0x000297       data   0x000000
          .udata_sincos.o      udata   0x000297       data   0x000000
          .idata_sincos.o      idata   0x000297       data   0x000000
            .udata_sqrt.o      udata   0x000297       data   0x000000
            .idata_sqrt.o      idata   0x000297       data   0x000000
        .udata_PackMath.o      udata   0x000297       data   0x000000
        .idata_PackMath.o      idata   0x000297       data   0x000000
           .udata_ldexp.o      udata   0x000297       data   0x000000
           .idata_ldexp.o      idata   0x000297       data   0x000000
          .udata_stdout.o      udata   0x000297       data   0x000000
        .udata_vfprintf.o      udata   0x000297       data   0x000000
        .idata_vfprintf.o      idata   0x000297       data   0x000000
         .udata_fxm3232.o      udata   0x000297       data   0x000000
         .idata_fxm3232.o      idata   0x000297       data   0x000000
            .udata_putc.o      udata   0x000297       data   0x000000
            .idata_putc.o      idata   0x000297       data   0x000000
     .idata_ifi_startup.o      idata   0x000297       data   0x000000
            .idata_main.o      idata   0x000297       data   0x000000
        .udata_terminal.o      udata   0x000297       data   0x000000
        .udata_tracking.o      udata   0x000297       data   0x000000
.udata_user_routines_fast.o      udata   0x000297       data   0x000000
      .idata_interrupts.o      idata   0x000297       data   0x000000
     .idata_catlin_fire.o      idata   0x000297       data   0x000000
 .idata_catlin_launcher.o      idata   0x000297       data   0x000000
.udata_camera_autonomous_d.o      udata   0x000297       data   0x000000
.udata_catlin_autonomous.o      udata   0x000297       data   0x000000
         .udata_adcbusy.o      udata   0x000297       data   0x000000
         .idata_adcbusy.o      idata   0x000297       data   0x000000
        .udata_adcclose.o      udata   0x000297       data   0x000000
        .idata_adcclose.o      idata   0x000297       data   0x000000
         .udata_adcconv.o      udata   0x000297       data   0x000000
         .udata_adcread.o      udata   0x000297       data   0x000000
        .idata_spi1open.o      idata   0x000297       data   0x000000
        .udata_spi1open.o      udata   0x000297       data   0x000000
         .idata_adcopen.o      idata   0x000297       data   0x000000
         .udata_adcopen.o      udata   0x000297       data   0x000000
          .idata_u1open.o      idata   0x000297       data   0x000000
          .udata_u1open.o      udata   0x000297       data   0x000000
     .idata_ifi_library.o      idata   0x000297       data   0x000000
        .idata_fxd3232u.o      idata   0x000297       data   0x000000
        .udata_fxd3232u.o      udata   0x000297       data   0x000000
        .idata_fxd1616u.o      idata   0x000297       data   0x000000
        .udata_fxd1616u.o      udata   0x000297       data   0x000000
        .idata_fxd0808u.o      idata   0x000297       data   0x000000
        .udata_fxd0808u.o      udata   0x000297       data   0x000000
         .idata_adcconv.o      idata   0x000297       data   0x000000
                   .stack      udata   0x000e00       data   0x000100
          .udata_eeprom.o      udata   0x000f00       data   0x000060
            SFR_UNBANKED0      udata   0x000f62       data   0x00009e



                              Program Memory Usage 
                               Start         End      
                           ---------   ---------      
                            0x000800    0x008e07      
            34312 out of 132120 program addresses used, program memory utilization is 25%



                              Symbols - Sorted by Name
                     Name    Address   Location    Storage File                     
                ---------  ---------  ---------  --------- ---------                
                  Adj_lp4   0x007278    program     static C:\FrcCode_2006_8722\Util_lib.asm
                  Adjust4   0x007274    program     static C:\FrcCode_2006_8722\Util_lib.asm
                  BusyADC   0x00080e    program     extern C:\mcc18\src\TRADIT~1\pmc\ADC\adcbusy.c
           Camera_Handler   0x00447a    program     extern C:\rs\currentStable\camera.c
              Camera_Idle   0x00499e    program     extern C:\rs\currentStable\camera.c
Camera_Serial_Port_Byte_Count   0x004a60    program     extern C:\rs\currentStable\camera.c
     Camera_State_Machine   0x0044fa    program     extern C:\rs\currentStable\camera.c
       CatlinEEPROM_CLEAR   0x000b0a    program     extern C:\rs\currentStable\catlin_launcher.c
       CatlinEEPROM_PRINT   0x000be4    program     extern C:\rs\currentStable\catlin_launcher.c
        CatlinEEPROM_READ   0x000b62    program     extern C:\rs\currentStable\catlin_launcher.c
       CatlinEEPROM_WRITE   0x000ba4    program     extern C:\rs\currentStable\catlin_launcher.c
        Catlin_Autonomous   0x002d84    program     extern C:\rs\currentStable\catlin_routines.c
       Catlin_Basic_Drive   0x00303c    program     extern C:\rs\currentStable\catlin_routines.c
      Catlin_Common_First   0x002d7c    program     extern C:\rs\currentStable\catlin_routines.c
       Catlin_Common_Last   0x002cf2    program     extern C:\rs\currentStable\catlin_routines.c
        Catlin_Initialize   0x002cb8    program     extern C:\rs\currentStable\catlin_routines.c
      Catlin_Main_Routine   0x002dd8    program     extern C:\rs\currentStable\catlin_routines.c
  Catlin_Manual_Elevation   0x003342    program     extern C:\rs\currentStable\catlin_routines.c
      Catlin_Slight_Shift   0x00348a    program     extern C:\rs\currentStable\catlin_routines.c
       Check_4_Violations   0x004efa    program     extern C:\FrcCode_2006_8722\ifi_library.c
               Clear_Bank   0x006f06    program     static C:\FrcCode_2006_8722\Util_lib.asm
               Clear_Loop   0x006ef2    program     static C:\FrcCode_2006_8722\Util_lib.asm
             Clear_Memory   0x006eec    program     extern C:\FrcCode_2006_8722\Util_lib.asm
       Clear_SPIdata_flag   0x004e6c    program     extern C:\FrcCode_2006_8722\ifi_library.c
                 CloseADC   0x008db0    program     extern C:\mcc18\src\TRADIT~1\pmc\ADC\adcclose.c
               ConvertADC   0x008db6    program     extern C:\mcc18\src\TRADIT~1\pmc\ADC\adcconv.c
                   D0808S   0x003908    program     static C:\MCC18\SRC\TRADIT~1\MATH\fxd0808s.asm
                D0808SNEG   0x003916    program     static C:\MCC18\SRC\TRADIT~1\MATH\fxd0808s.asm
                 D0808SOK   0x003912    program     static C:\MCC18\SRC\TRADIT~1\MATH\fxd0808s.asm
                  D0808SX   0x00391c    program     static C:\MCC18\SRC\TRADIT~1\MATH\fxd0808s.asm
                    D10_1   0x008d98    program     static C:\MCC18\SRC\TRADIT~1\DELAYS\d10tcyx.asm
                     D10x   0x008d90    program     static C:\MCC18\SRC\TRADIT~1\DELAYS\d10tcyx.asm
                   D1616S   0x003948    program     static C:\MCC18\SRC\TRADIT~1\MATH\fxd1616s.asm
                D1616SNEG   0x003956    program     static C:\MCC18\SRC\TRADIT~1\MATH\fxd1616s.asm
                 D1616SOK   0x003952    program     static C:\MCC18\SRC\TRADIT~1\MATH\fxd1616s.asm
                  D1616SX   0x003968    program     static C:\MCC18\SRC\TRADIT~1\MATH\fxd1616s.asm
                    D1K_1   0x008d3c    program     static C:\MCC18\SRC\TRADIT~1\DELAYS\d1ktcyx.asm
                     D1Kx   0x008d3a    program     static C:\MCC18\SRC\TRADIT~1\DELAYS\d1ktcyx.asm
                   D3232S   0x0039a2    program     static C:\MCC18\SRC\TRADIT~1\MATH\fxd3232s.asm
                D3232SNEG   0x0039b0    program     static C:\MCC18\SRC\TRADIT~1\MATH\fxd3232s.asm
                 D3232SOK   0x0039ac    program     static C:\MCC18\SRC\TRADIT~1\MATH\fxd3232s.asm
                  D3232SX   0x0039d0    program     static C:\MCC18\SRC\TRADIT~1\MATH\fxd3232s.asm
                  DA0808S   0x0038fe    program     static C:\MCC18\SRC\TRADIT~1\MATH\fxd0808s.asm
                  DA1616S   0x003938    program     static C:\MCC18\SRC\TRADIT~1\MATH\fxd1616s.asm
                  DA3232S   0x00398c    program     static C:\MCC18\SRC\TRADIT~1\MATH\fxd3232s.asm
                      DL1   0x007234    program     static C:\FrcCode_2006_8722\Util_lib.asm
                      DL2   0x00724a    program     static C:\FrcCode_2006_8722\Util_lib.asm
          Dead_Space_Loop   0x007230    program     static C:\FrcCode_2006_8722\Util_lib.asm
          Default_Routine   0x0054b8    program     extern C:\rs\currentStable\user_routines.c
              Delay10TCYx   0x008d88    program     extern C:\MCC18\SRC\TRADIT~1\DELAYS\d10tcyx.asm
              Delay1KTCYx   0x008d30    program     extern C:\MCC18\SRC\TRADIT~1\DELAYS\d1ktcyx.asm
              DisplayBufr   0x007c6c    program     extern C:\rs\currentStable\ifi_utilities.c
  EEPROM_Queue_Free_Space   0x008124    program     extern C:\rs\currentStable\eeprom.c
              EEPROM_Read   0x007f8c    program     extern C:\rs\currentStable\eeprom.c
             EEPROM_Write   0x007fc0    program     extern C:\rs\currentStable\eeprom.c
     EEPROM_Write_Handler   0x00802c    program     extern C:\rs\currentStable\eeprom.c
                 FLO0832S   0x0035c6    program     extern C:\MCC18\SRC\TRADIT~1\MATH\cast08FP.asm
                 FLO0832U   0x0035c2    program     extern C:\MCC18\SRC\TRADIT~1\MATH\cast08FP.asm
                 FLO1632S   0x0035e8    program     extern C:\MCC18\SRC\TRADIT~1\MATH\cast16FP.asm
                 FLO1632U   0x0035e4    program     extern C:\MCC18\SRC\TRADIT~1\MATH\cast16FP.asm
                 FLO3232S   0x003612    program     extern C:\MCC18\SRC\TRADIT~1\MATH\cast32FP.asm
                 FLO3232U   0x00360e    program     extern C:\MCC18\SRC\TRADIT~1\MATH\cast32FP.asm
                    FPA32   0x003646    program     extern C:\MCC18\SRC\TRADIT~1\MATH\addFP.asm
                    FPD32   0x003772    program     extern C:\MCC18\SRC\TRADIT~1\MATH\divFP.asm
                    FPM32   0x003818    program     extern C:\MCC18\SRC\TRADIT~1\MATH\mulFP.asm
                    FPS32   0x003644    program     extern C:\MCC18\SRC\TRADIT~1\MATH\addFP.asm
                 FXD0808S   0x0038f2    program     extern C:\MCC18\SRC\TRADIT~1\MATH\fxd0808s.asm
                 FXD0808U   0x008d6c    program     extern C:\mcc18\src\TRADIT~1\math\fxd0808u.c
                 FXD1616S   0x003926    program     extern C:\MCC18\SRC\TRADIT~1\MATH\fxd1616s.asm
                 FXD1616U   0x008c98    program     extern C:\mcc18\src\TRADIT~1\math\fxd1616u.c
                 FXD3232S   0x003972    program     extern C:\MCC18\SRC\TRADIT~1\MATH\fxd3232s.asm
                 FXD3232U   0x008c12    program     extern C:\mcc18\src\TRADIT~1\math\fxd3232u.c
                 FXM1616S   0x0039da    program     extern C:\MCC18\SRC\TRADIT~1\MATH\fxm1616s.asm
                  FXM3232   0x008906    program     extern C:\mcc18\src\TRADIT~1\math\fxm3232.c
            Generate_Pwms   0x00718a    program     extern C:\FrcCode_2006_8722\Util_lib.asm
       Generate_Pwms_Cont   0x0071ce    program     static C:\FrcCode_2006_8722\Util_lib.asm
        GetDataFromMaster   0x007062    program     extern C:\FrcCode_2006_8722\Util_lib.asm
         Get_Analog_Value   0x007d4c    program     extern C:\rs\currentStable\ifi_utilities.c
         Get_Camera_State   0x0049ae    program     extern C:\rs\currentStable\camera.c
                  Getdata   0x004dc0    program     extern C:\FrcCode_2006_8722\ifi_library.c
           Handle_Spi_Int   0x004d68    program     extern C:\FrcCode_2006_8722\ifi_library.c
               Hex_output   0x006f10    program     extern C:\FrcCode_2006_8722\Util_lib.asm
       IFI_Initialization   0x004c6e    program     extern C:\FrcCode_2006_8722\ifi_library.c
                  INT3208   0x003a34    program     extern C:\MCC18\SRC\TRADIT~1\MATH\castFP08.asm
                  INT3216   0x003a82    program     extern C:\MCC18\SRC\TRADIT~1\MATH\castFP16.asm
                  INT3232   0x003cba    program     extern C:\MCC18\SRC\TRADIT~1\MATH\castFP32.asm
     Init_Serial_Port_One   0x007282    program     extern C:\rs\currentStable\serial_ports.c
     Init_Serial_Port_Two   0x0072b4    program     extern C:\rs\currentStable\serial_ports.c
        Initialize_Camera   0x00467c    program     extern C:\rs\currentStable\camera.c
    Initialize_Interrupts   0x0079f2    program     extern C:\rs\currentStable\interrupts.c
     Initialize_Registers   0x004bf6    program     extern C:\FrcCode_2006_8722\ifi_library.c
  Initialize_Serial_Comms   0x007d1a    program     extern C:\rs\currentStable\ifi_utilities.c
       Initialize_Timer_0   0x007a44    program     extern C:\rs\currentStable\interrupts.c
       Initialize_Timer_1   0x007a5e    program     extern C:\rs\currentStable\interrupts.c
       Initialize_Timer_2   0x007a76    program     extern C:\rs\currentStable\interrupts.c
       Initialize_Timer_3   0x007a90    program     extern C:\rs\currentStable\interrupts.c
       Initialize_Timer_4   0x007aa8    program     extern C:\rs\currentStable\interrupts.c
            Int_1_Handler   0x007acc    program     extern C:\rs\currentStable\interrupts.c
            Int_2_Handler   0x007af2    program     extern C:\rs\currentStable\interrupts.c
            Int_3_Handler   0x007b18    program     extern C:\rs\currentStable\interrupts.c
            Int_4_Handler   0x007b28    program     extern C:\rs\currentStable\interrupts.c
            Int_5_Handler   0x007b9a    program     extern C:\rs\currentStable\interrupts.c
            Int_6_Handler   0x007bce    program     extern C:\rs\currentStable\interrupts.c
     InterruptHandlerHigh   0x004bb2    program     extern C:\FrcCode_2006_8722\ifi_library.c
      InterruptHandlerLow   0x007556    program     extern C:\rs\currentStable\user_routines_fast.c
      InterruptVectorHigh   0x000808    program     extern C:\FrcCode_2006_8722\ifi_library.c
       InterruptVectorLow   0x000818    program     extern C:\rs\currentStable\user_routines_fast.c
                      LP4   0x0071d2    program     static C:\FrcCode_2006_8722\Util_lib.asm
                LP4_Cont1   0x0071dc    program     static C:\FrcCode_2006_8722\Util_lib.asm
                LP4_Cont2   0x0071e6    program     static C:\FrcCode_2006_8722\Util_lib.asm
                LP4_Cont3   0x0071f0    program     static C:\FrcCode_2006_8722\Util_lib.asm
                LP4_Cont4   0x0071fc    program     static C:\FrcCode_2006_8722\Util_lib.asm
                LP4_Cont5   0x007206    program     static C:\FrcCode_2006_8722\Util_lib.asm
                LP4_Cont6   0x007210    program     static C:\FrcCode_2006_8722\Util_lib.asm
                LP4_Cont7   0x00721a    program     static C:\FrcCode_2006_8722\Util_lib.asm
                LP4_Cont8   0x007224    program     static C:\FrcCode_2006_8722\Util_lib.asm
                Limit_Mix   0x005348    program     extern C:\rs\currentStable\user_routines.c
         Limit_Switch_Max   0x0052d4    program     extern C:\rs\currentStable\user_routines.c
         Limit_Switch_Min   0x00530c    program     extern C:\rs\currentStable\user_routines.c
           MoveData4Buff0   0x006fd8    program     static C:\FrcCode_2006_8722\Util_lib.asm
        MoveDataFromBuff1   0x007100    program     static C:\FrcCode_2006_8722\Util_lib.asm
             Noise_Filter   0x0049f2    program     extern C:\rs\currentStable\camera.c
               Open1USART   0x008b10    program     extern C:\mcc18\src\TRADIT~1\pmc\USART\u1open.c
                  OpenADC   0x008976    program     extern C:\mcc18\src\TRADIT~1\pmc\ADC\adcopen.c
                 OpenSPI1   0x008a44    program     extern C:\mcc18\src\TRADIT~1\pmc\SPI\spi1open.c
          PacketNum_Check   0x007cae    program     extern C:\rs\currentStable\ifi_utilities.c
    Prep_SPI_4_First_Byte   0x004d0a    program     extern C:\FrcCode_2006_8722\ifi_library.c
                PrintByte   0x007bfe    program     extern C:\rs\currentStable\ifi_utilities.c
                PrintWord   0x007c20    program     extern C:\rs\currentStable\ifi_utilities.c
Process_Data_From_Local_IO   0x0077de    program     extern C:\rs\currentStable\user_routines_fast.c
Process_Data_From_Master_uP   0x005492    program     extern C:\rs\currentStable\user_routines.c
                  Putdata   0x004df2    program     extern C:\FrcCode_2006_8722\ifi_library.c
                Pwm_Delay   0x007260    program     static C:\FrcCode_2006_8722\Util_lib.asm
                 Raw_Mode   0x0049b6    program     extern C:\rs\currentStable\camera.c
                  ReadADC   0x008c5a    program     extern C:\mcc18\src\TRADIT~1\pmc\ADC\adcread.c
  Read_Camera_Serial_Port   0x004a68    program     extern C:\rs\currentStable\camera.c
     Read_Serial_Port_One   0x007326    program     extern C:\rs\currentStable\serial_ports.c
     Read_Serial_Port_Two   0x007372    program     extern C:\rs\currentStable\serial_ports.c
Read_Terminal_Serial_Port   0x004a94    program     extern C:\rs\currentStable\camera.c
           Restart_Camera   0x0049a8    program     extern C:\rs\currentStable\camera.c
         Rx_1_Int_Handler   0x007442    program     extern C:\rs\currentStable\serial_ports.c
         Rx_2_Int_Handler   0x007480    program     extern C:\rs\currentStable\serial_ports.c
         SendDataToMaster   0x006f3e    program     extern C:\FrcCode_2006_8722\Util_lib.asm
     Serial_Char_Callback   0x0077e0    program     extern C:\rs\currentStable\user_routines_fast.c
Serial_Port_One_Byte_Count   0x0072e6    program     extern C:\rs\currentStable\serial_ports.c
Serial_Port_Two_Byte_Count   0x007306    program     extern C:\rs\currentStable\serial_ports.c
              Servo_Track   0x0059b6    program     extern C:\rs\currentStable\tracking.c
  Set_Catlin_Slight_Shift   0x0034c6    program     extern C:\rs\currentStable\catlin_routines.c
Set_Number_of_Analog_Channels   0x007d36    program     extern C:\rs\currentStable\ifi_utilities.c
    Setup_PWM_Output_Type   0x004e76    program     extern C:\FrcCode_2006_8722\ifi_library.c
          Setup_Spi_Slave   0x004be0    program     extern C:\FrcCode_2006_8722\ifi_library.c
                  TAGTB32   0x003ca8    program     extern C:\MCC18\SRC\TRADIT~1\MATH\gtFP.asm
                  TALTB32   0x003ae0    program     extern C:\MCC18\SRC\TRADIT~1\MATH\ltFP.asm
               TSIGN1616A   0x003a26    program     static C:\MCC18\SRC\TRADIT~1\MATH\fxm1616s.asm
Terminal_Serial_Port_Byte_Count   0x004a8c    program     extern C:\rs\currentStable\camera.c
             TerminateGet   0x007180    program     static C:\FrcCode_2006_8722\Util_lib.asm
            TerminateSend   0x007058    program     static C:\FrcCode_2006_8722\Util_lib.asm
      Timer_0_Int_Handler   0x007ac2    program     extern C:\rs\currentStable\interrupts.c
      Timer_1_Int_Handler   0x007ac4    program     extern C:\rs\currentStable\interrupts.c
      Timer_2_Int_Handler   0x007ac6    program     extern C:\rs\currentStable\interrupts.c
      Timer_3_Int_Handler   0x007ac8    program     extern C:\rs\currentStable\interrupts.c
      Timer_4_Int_Handler   0x007aca    program     extern C:\rs\currentStable\interrupts.c
              Track_Color   0x00493a    program     extern C:\rs\currentStable\camera.c
   Tracking_Info_Terminal   0x0077f0    program     extern C:\rs\currentStable\terminal.c
         Tx_1_Int_Handler   0x0074be    program     extern C:\rs\currentStable\serial_ports.c
         Tx_2_Int_Handler   0x0074ee    program     extern C:\rs\currentStable\serial_ports.c
  UpdateLocalPWMDirection   0x006f3c    program     extern C:\FrcCode_2006_8722\Util_lib.asm
     User_Autonomous_Code   0x00772e    program     extern C:\rs\currentStable\user_routines_fast.c
      User_Initialization   0x0053c6    program     extern C:\rs\currentStable\user_routines.c
       User_Proc_Is_Ready   0x004d00    program     extern C:\FrcCode_2006_8722\ifi_library.c
             Wait4TXEmpty   0x007bf4    program     extern C:\rs\currentStable\ifi_utilities.c
Write_Camera_Module_Register   0x004a24    program     extern C:\rs\currentStable\camera.c
 Write_Camera_Serial_Port   0x004a70    program     extern C:\rs\currentStable\camera.c
    Write_Serial_Port_One   0x0073be    program     extern C:\rs\currentStable\serial_ports.c
    Write_Serial_Port_Two   0x007400    program     extern C:\rs\currentStable\serial_ports.c
Write_Terminal_Serial_Port   0x004a9c    program     extern C:\rs\currentStable\camera.c
                   _2jEnd   0x008a2e    program     static C:\MCC18\SRC\TRADIT~1\STDCLIB\slenpgm.asm
        _D10TCYXCODE_000A   0x008d92    program     static C:\MCC18\SRC\TRADIT~1\DELAYS\d10tcyx.asm
        _D10TCYXCODE_000C   0x008d94    program     static C:\MCC18\SRC\TRADIT~1\DELAYS\d10tcyx.asm
        _D10TCYXCODE_000E   0x008d96    program     static C:\MCC18\SRC\TRADIT~1\DELAYS\d10tcyx.asm
        _D1KTCYXCODE_0010   0x008d40    program     static C:\MCC18\SRC\TRADIT~1\DELAYS\d1ktcyx.asm
        _D1KTCYXCODE_0016   0x008d46    program     static C:\MCC18\SRC\TRADIT~1\DELAYS\d1ktcyx.asm
                _PackMath   0x008636    program     extern C:\mcc18\src\TRADIT~1\stdclib\PackMath.c
                _UnpkMath   0x00851a    program     extern C:\mcc18\src\TRADIT~1\stdclib\UnpkMath.c
              __FpCompare   0x003af2    program     extern C:\MCC18\SRC\TRADIT~1\MATH\compFP.asm
                 __FpExit   0x003ba8    program     extern C:\MCC18\SRC\TRADIT~1\MATH\packFP.asm
                 __FpPack   0x003bd4    program     extern C:\MCC18\SRC\TRADIT~1\MATH\packFP.asm
            __FpReturnNaN   0x003b9c    program     extern C:\MCC18\SRC\TRADIT~1\MATH\packFP.asm
         __FpReturnNegInf   0x003bae    program     extern C:\MCC18\SRC\TRADIT~1\MATH\packFP.asm
        __FpReturnNegZero   0x003bc6    program     extern C:\MCC18\SRC\TRADIT~1\MATH\packFP.asm
         __FpReturnPosInf   0x003bb4    program     extern C:\MCC18\SRC\TRADIT~1\MATH\packFP.asm
        __FpReturnPosZero   0x003bce    program     extern C:\MCC18\SRC\TRADIT~1\MATH\packFP.asm
        __FpReturnSignInf   0x003baa    program     extern C:\MCC18\SRC\TRADIT~1\MATH\packFP.asm
       __FpReturnSignZero   0x003bc2    program     extern C:\MCC18\SRC\TRADIT~1\MATH\packFP.asm
              __FpReturnW   0x003c2c    program     extern C:\MCC18\SRC\TRADIT~1\MATH\packFP.asm
              __FpUnPackA   0x003c4c    program     extern C:\MCC18\SRC\TRADIT~1\MATH\UnpackFP.asm
              __FpUnPackB   0x003c7c    program     extern C:\MCC18\SRC\TRADIT~1\MATH\UnpackFP.asm
       ___return_lbl00000   0x008c58    program     static                          
       ___return_lbl00000   0x008cc2    program     static                          
       ___return_lbl00000   0x008974    program     static                          
       ___return_lbl00000   0x000804    program     static                          
       ___return_lbl00000   0x00081c    program     static                          
       ___return_lbl00000   0x008d86    program     static                          
       ___return_lbl00000   0x00080c    program     static                          
       ___return_lbl00001   0x008d2e    program     static                          
       ___return_lbl00002   0x0087ec    program     static                          
                   __pa_0   0x0029d6    program     static C:\mcc18\src\TRADIT~1\stdclib\vfprintf.c
                   __pa_0   0x0086fe    program     static C:\mcc18\src\TRADIT~1\stdclib\PackMath.c
                   __pa_0   0x008510    program     static C:\mcc18\src\TRADIT~1\stdclib\ldexp.c
                   __pa_0   0x006930    program     static C:\mcc18\src\TRADIT~1\stdclib\asinacos.c
                   __pa_0   0x006e48    program     static C:\mcc18\src\TRADIT~1\stdclib\sqrt.c
                   __pa_0   0x0063e8    program     static C:\mcc18\src\TRADIT~1\stdclib\sincos.c
                   __pa_0   0x008628    program     static C:\mcc18\src\TRADIT~1\stdclib\UnpkMath.c
                   __pa_1   0x006942    program     static C:\mcc18\src\TRADIT~1\stdclib\asinacos.c
                   __pa_1   0x006400    program     static C:\mcc18\src\TRADIT~1\stdclib\sincos.c
                   __pa_1   0x00870e    program     static C:\mcc18\src\TRADIT~1\stdclib\PackMath.c
                   __pa_1   0x0029de    program     static C:\mcc18\src\TRADIT~1\stdclib\vfprintf.c
                   __pa_1   0x006e52    program     static C:\mcc18\src\TRADIT~1\stdclib\sqrt.c
                  __pa_10   0x002a92    program     static C:\mcc18\src\TRADIT~1\stdclib\vfprintf.c
                  __pa_10   0x006a38    program     static C:\mcc18\src\TRADIT~1\stdclib\asinacos.c
                  __pa_10   0x0064bc    program     static C:\mcc18\src\TRADIT~1\stdclib\sincos.c
                  __pa_11   0x006a42    program     static C:\mcc18\src\TRADIT~1\stdclib\asinacos.c
                  __pa_11   0x002aa0    program     static C:\mcc18\src\TRADIT~1\stdclib\vfprintf.c
                  __pa_11   0x0064ce    program     static C:\mcc18\src\TRADIT~1\stdclib\sincos.c
                  __pa_12   0x002ab6    program     static C:\mcc18\src\TRADIT~1\stdclib\vfprintf.c
                  __pa_12   0x006a52    program     static C:\mcc18\src\TRADIT~1\stdclib\asinacos.c
                  __pa_12   0x0064dc    program     static C:\mcc18\src\TRADIT~1\stdclib\sincos.c
                  __pa_13   0x002ad0    program     static C:\mcc18\src\TRADIT~1\stdclib\vfprintf.c
                  __pa_13   0x006a60    program     static C:\mcc18\src\TRADIT~1\stdclib\asinacos.c
                  __pa_13   0x0064e2    program     static C:\mcc18\src\TRADIT~1\stdclib\sincos.c
                  __pa_14   0x002ae8    program     static C:\mcc18\src\TRADIT~1\stdclib\vfprintf.c
                  __pa_14   0x006a84    program     static C:\mcc18\src\TRADIT~1\stdclib\asinacos.c
                  __pa_14   0x0064fc    program     static C:\mcc18\src\TRADIT~1\stdclib\sincos.c
                  __pa_15   0x006a90    program     static C:\mcc18\src\TRADIT~1\stdclib\asinacos.c
                  __pa_15   0x00650e    program     static C:\mcc18\src\TRADIT~1\stdclib\sincos.c
                  __pa_15   0x002af8    program     static C:\mcc18\src\TRADIT~1\stdclib\vfprintf.c
                  __pa_16   0x006a9c    program     static C:\mcc18\src\TRADIT~1\stdclib\asinacos.c
                  __pa_16   0x002b0e    program     static C:\mcc18\src\TRADIT~1\stdclib\vfprintf.c
                  __pa_16   0x006532    program     static C:\mcc18\src\TRADIT~1\stdclib\sincos.c
                  __pa_17   0x006544    program     static C:\mcc18\src\TRADIT~1\stdclib\sincos.c
                  __pa_17   0x006aa4    program     static C:\mcc18\src\TRADIT~1\stdclib\asinacos.c
                  __pa_17   0x002b20    program     static C:\mcc18\src\TRADIT~1\stdclib\vfprintf.c
                  __pa_18   0x006552    program     static C:\mcc18\src\TRADIT~1\stdclib\sincos.c
                  __pa_18   0x002b32    program     static C:\mcc18\src\TRADIT~1\stdclib\vfprintf.c
                  __pa_19   0x006564    program     static C:\mcc18\src\TRADIT~1\stdclib\sincos.c
                  __pa_19   0x002b3c    program     static C:\mcc18\src\TRADIT~1\stdclib\vfprintf.c
                   __pa_2   0x0029e8    program     static C:\mcc18\src\TRADIT~1\stdclib\vfprintf.c
                   __pa_2   0x006e6c    program     static C:\mcc18\src\TRADIT~1\stdclib\sqrt.c
                   __pa_2   0x00871c    program     static C:\mcc18\src\TRADIT~1\stdclib\PackMath.c
                   __pa_2   0x00695c    program     static C:\mcc18\src\TRADIT~1\stdclib\asinacos.c
                   __pa_2   0x00641c    program     static C:\mcc18\src\TRADIT~1\stdclib\sincos.c
                  __pa_20   0x006574    program     static C:\mcc18\src\TRADIT~1\stdclib\sincos.c
                  __pa_20   0x002b4c    program     static C:\mcc18\src\TRADIT~1\stdclib\vfprintf.c
                  __pa_21   0x006580    program     static C:\mcc18\src\TRADIT~1\stdclib\sincos.c
                  __pa_21   0x002b5c    program     static C:\mcc18\src\TRADIT~1\stdclib\vfprintf.c
                  __pa_22   0x00658a    program     static C:\mcc18\src\TRADIT~1\stdclib\sincos.c
                  __pa_22   0x002b6c    program     static C:\mcc18\src\TRADIT~1\stdclib\vfprintf.c
                  __pa_23   0x006592    program     static C:\mcc18\src\TRADIT~1\stdclib\sincos.c
                  __pa_23   0x002b78    program     static C:\mcc18\src\TRADIT~1\stdclib\vfprintf.c
                  __pa_24   0x002b86    program     static C:\mcc18\src\TRADIT~1\stdclib\vfprintf.c
                  __pa_24   0x006598    program     static C:\mcc18\src\TRADIT~1\stdclib\sincos.c
                  __pa_25   0x002b8e    program     static C:\mcc18\src\TRADIT~1\stdclib\vfprintf.c
                  __pa_26   0x002b98    program     static C:\mcc18\src\TRADIT~1\stdclib\vfprintf.c
                  __pa_27   0x002ba2    program     static C:\mcc18\src\TRADIT~1\stdclib\vfprintf.c
                  __pa_28   0x002baa    program     static C:\mcc18\src\TRADIT~1\stdclib\vfprintf.c
                  __pa_29   0x002bb8    program     static C:\mcc18\src\TRADIT~1\stdclib\vfprintf.c
                   __pa_3   0x006e86    program     static C:\mcc18\src\TRADIT~1\stdclib\sqrt.c
                   __pa_3   0x006436    program     static C:\mcc18\src\TRADIT~1\stdclib\sincos.c
                   __pa_3   0x008726    program     static C:\mcc18\src\TRADIT~1\stdclib\PackMath.c
                   __pa_3   0x006976    program     static C:\mcc18\src\TRADIT~1\stdclib\asinacos.c
                   __pa_3   0x0029f2    program     static C:\mcc18\src\TRADIT~1\stdclib\vfprintf.c
                  __pa_30   0x002bd4    program     static C:\mcc18\src\TRADIT~1\stdclib\vfprintf.c
                  __pa_31   0x002bee    program     static C:\mcc18\src\TRADIT~1\stdclib\vfprintf.c
                  __pa_32   0x002c08    program     static C:\mcc18\src\TRADIT~1\stdclib\vfprintf.c
                  __pa_33   0x002c20    program     static C:\mcc18\src\TRADIT~1\stdclib\vfprintf.c
                  __pa_34   0x002c2a    program     static C:\mcc18\src\TRADIT~1\stdclib\vfprintf.c
                  __pa_35   0x002c38    program     static C:\mcc18\src\TRADIT~1\stdclib\vfprintf.c
                  __pa_36   0x002c40    program     static C:\mcc18\src\TRADIT~1\stdclib\vfprintf.c
                  __pa_37   0x002c4a    program     static C:\mcc18\src\TRADIT~1\stdclib\vfprintf.c
                  __pa_38   0x002c5a    program     static C:\mcc18\src\TRADIT~1\stdclib\vfprintf.c
                  __pa_39   0x002c68    program     static C:\mcc18\src\TRADIT~1\stdclib\vfprintf.c
                   __pa_4   0x006e98    program     static C:\mcc18\src\TRADIT~1\stdclib\sqrt.c
                   __pa_4   0x006440    program     static C:\mcc18\src\TRADIT~1\stdclib\sincos.c
                   __pa_4   0x006990    program     static C:\mcc18\src\TRADIT~1\stdclib\asinacos.c
                   __pa_4   0x008734    program     static C:\mcc18\src\TRADIT~1\stdclib\PackMath.c
                   __pa_4   0x002a0a    program     static C:\mcc18\src\TRADIT~1\stdclib\vfprintf.c
                  __pa_40   0x002c74    program     static C:\mcc18\src\TRADIT~1\stdclib\vfprintf.c
                  __pa_41   0x002c80    program     static C:\mcc18\src\TRADIT~1\stdclib\vfprintf.c
                  __pa_42   0x002c88    program     static C:\mcc18\src\TRADIT~1\stdclib\vfprintf.c
                  __pa_43   0x002c92    program     static C:\mcc18\src\TRADIT~1\stdclib\vfprintf.c
                  __pa_44   0x002c98    program     static C:\mcc18\src\TRADIT~1\stdclib\vfprintf.c
                  __pa_45   0x002ca2    program     static C:\mcc18\src\TRADIT~1\stdclib\vfprintf.c
                  __pa_46   0x002cae    program     static C:\mcc18\src\TRADIT~1\stdclib\vfprintf.c
                   __pa_5   0x002a1e    program     static C:\mcc18\src\TRADIT~1\stdclib\vfprintf.c
                   __pa_5   0x006eaa    program     static C:\mcc18\src\TRADIT~1\stdclib\sqrt.c
                   __pa_5   0x00873c    program     static C:\mcc18\src\TRADIT~1\stdclib\PackMath.c
                   __pa_5   0x006456    program     static C:\mcc18\src\TRADIT~1\stdclib\sincos.c
                   __pa_5   0x0069b8    program     static C:\mcc18\src\TRADIT~1\stdclib\asinacos.c
                   __pa_6   0x00646c    program     static C:\mcc18\src\TRADIT~1\stdclib\sincos.c
                   __pa_6   0x002a3a    program     static C:\mcc18\src\TRADIT~1\stdclib\vfprintf.c
                   __pa_6   0x008744    program     static C:\mcc18\src\TRADIT~1\stdclib\PackMath.c
                   __pa_6   0x0069ce    program     static C:\mcc18\src\TRADIT~1\stdclib\asinacos.c
                   __pa_6   0x006ebc    program     static C:\mcc18\src\TRADIT~1\stdclib\sqrt.c
                   __pa_7   0x0069ec    program     static C:\mcc18\src\TRADIT~1\stdclib\asinacos.c
                   __pa_7   0x006eca    program     static C:\mcc18\src\TRADIT~1\stdclib\sqrt.c
                   __pa_7   0x002a44    program     static C:\mcc18\src\TRADIT~1\stdclib\vfprintf.c
                   __pa_7   0x00647e    program     static C:\mcc18\src\TRADIT~1\stdclib\sincos.c
                   __pa_8   0x006ed2    program     static C:\mcc18\src\TRADIT~1\stdclib\sqrt.c
                   __pa_8   0x002a50    program     static C:\mcc18\src\TRADIT~1\stdclib\vfprintf.c
                   __pa_8   0x006498    program     static C:\mcc18\src\TRADIT~1\stdclib\sincos.c
                   __pa_8   0x006a06    program     static C:\mcc18\src\TRADIT~1\stdclib\asinacos.c
                   __pa_9   0x006edc    program     static C:\mcc18\src\TRADIT~1\stdclib\sqrt.c
                   __pa_9   0x002a72    program     static C:\mcc18\src\TRADIT~1\stdclib\vfprintf.c
                   __pa_9   0x0064b2    program     static C:\mcc18\src\TRADIT~1\stdclib\sincos.c
                   __pa_9   0x006a20    program     static C:\mcc18\src\TRADIT~1\stdclib\asinacos.c
               __string_0   0x00835d    program     static C:\rs\currentStable\terminal.c
               __string_0   0x0083cf    program     static C:\rs\currentStable\catlin_launcher.c
               __string_1   0x0083c8    program     static C:\rs\currentStable\catlin_launcher.c
               __string_1   0x00835a    program     static C:\rs\currentStable\terminal.c
               __string_2   0x0083b6    program     static C:\rs\currentStable\catlin_launcher.c
               __string_2   0x00833e    program     static C:\rs\currentStable\terminal.c
               __string_3   0x008322    program     static C:\rs\currentStable\terminal.c
               __string_3   0x0083a8    program     static C:\rs\currentStable\catlin_launcher.c
               __string_4   0x008306    program     static C:\rs\currentStable\terminal.c
               __string_4   0x008394    program     static C:\rs\currentStable\catlin_launcher.c
               __string_5   0x0082ea    program     static C:\rs\currentStable\terminal.c
               __string_5   0x008380    program     static C:\rs\currentStable\catlin_launcher.c
               __string_6   0x0082ce    program     static C:\rs\currentStable\terminal.c
               __string_6   0x00836c    program     static C:\rs\currentStable\catlin_launcher.c
               __string_7   0x0082b2    program     static C:\rs\currentStable\terminal.c
              __tmplbl_42   0x002b6c    program     static                          
              __tmplbl_43   0x0029b8    program     static                          
              __tmplbl_44   0x00299e    program     static                          
              __tmplbl_86   0x0020ec    program     static                          
                _asinacos   0x0065a4    program     extern C:\mcc18\src\TRADIT~1\stdclib\asinacos.c
                _do_cinit   0x008750    program     extern C:\rs\currentStable\ifi_startup.c
                   _entry   0x000800    program     extern C:\rs\currentStable\ifi_startup.c
                   _false   0x008c54    program     static                          
                  _sincos   0x005ffe    program     extern C:\mcc18\src\TRADIT~1\stdclib\sincos.c
                 _startup   0x008d10    program     extern C:\rs\currentStable\ifi_startup.c
              _usart_putc   0x008d50    program     extern C:\MCC18\SRC\TRADIT~1\PMC\USART\_usartpc.asm
               _user_putc   0x00751e    program     extern C:\rs\currentStable\serial_ports.c
                      abs   0x001e30    program     extern C:\rs\currentStable\catlin_launcher.c
                 arcDrive   0x0034e4    program     extern C:\rs\currentStable\catlin_routines.c
                     asin   0x008bc4    program     extern C:\mcc18\src\TRADIT~1\stdclib\asin.c
                  autoAim   0x000d2a    program     extern C:\rs\currentStable\catlin_launcher.c
    calculateAdditionLeft   0x003db0    program     extern C:\rs\currentStable\camera_autonomous_d.c
   calculateAdditionRight   0x003fde    program     extern C:\rs\currentStable\camera_autonomous_d.c
       camera_auto_rotate   0x00420c    program     extern C:\rs\currentStable\camera_autonomous_d.c
          can_see_light_p   0x004ab8    program     extern C:\rs\currentStable\camera.c
                copy_loop   0x0087c2    program     static                          
            copy_one_byte   0x0087c8    program     static                          
                     done   0x0087ec    program     static                          
             done_copying   0x0087d6    program     static                          
        driveAndShootAuto   0x008130    program     extern C:\rs\currentStable\catlin_autonomous.c
                  endloop   0x008d82    program     static                          
                  endloop   0x008cbe    program     static                          
                     fabs   0x008aaa    program     extern C:\mcc18\src\TRADIT~1\stdclib\fabs.c
                     fire   0x007f64    program     extern C:\rs\currentStable\catlin_fire.c
                 fireInit   0x007dd2    program     extern C:\rs\currentStable\catlin_fire.c
                 fireTest   0x007dee    program     extern C:\rs\currentStable\catlin_fire.c
                  isdigit   0x008cec    program     extern C:\MCC18\SRC\TRADIT~1\STDCLIB\isdigit.asm
                 jANotInf   0x003836    program     static C:\MCC18\SRC\TRADIT~1\MATH\mulFP.asm
                 jANotInf   0x00366e    program     static C:\MCC18\SRC\TRADIT~1\MATH\addFP.asm
                 jANotInf   0x003790    program     static C:\MCC18\SRC\TRADIT~1\MATH\divFP.asm
                 jANotNeg   0x003702    program     static C:\MCC18\SRC\TRADIT~1\MATH\addFP.asm
                jANotZero   0x0037a4    program     static C:\MCC18\SRC\TRADIT~1\MATH\divFP.asm
              jAandWsetup   0x0036d2    program     static C:\MCC18\SRC\TRADIT~1\MATH\addFP.asm
                  jAisNeg   0x003b6e    program     static C:\MCC18\SRC\TRADIT~1\MATH\compFP.asm
                 jAltBexp   0x0036c0    program     static C:\MCC18\SRC\TRADIT~1\MATH\addFP.asm
                jBANotInf   0x003664    program     static C:\MCC18\SRC\TRADIT~1\MATH\addFP.asm
                 jBNotInf   0x00367c    program     static C:\MCC18\SRC\TRADIT~1\MATH\addFP.asm
              jBothFinite   0x003844    program     static C:\MCC18\SRC\TRADIT~1\MATH\mulFP.asm
             jBothNotZero   0x003b10    program     static C:\MCC18\SRC\TRADIT~1\MATH\compFP.asm
             jBothNotZero   0x003850    program     static C:\MCC18\SRC\TRADIT~1\MATH\mulFP.asm
            jDifOrPosSign   0x003690    program     static C:\MCC18\SRC\TRADIT~1\MATH\addFP.asm
                      jEQ   0x003b2c    program     static C:\MCC18\SRC\TRADIT~1\MATH\compFP.asm
                     jEnd   0x0089f8    program     static C:\MCC18\SRC\TRADIT~1\STDCLIB\strlen.asm
                     jEnd   0x008a30    program     static C:\MCC18\SRC\TRADIT~1\STDCLIB\slenpgm.asm
                    jExch   0x003b38    program     static C:\MCC18\SRC\TRADIT~1\MATH\compFP.asm
                    jExit   0x003ade    program     static C:\MCC18\SRC\TRADIT~1\MATH\castFP16.asm
                    jExit   0x003d26    program     static C:\MCC18\SRC\TRADIT~1\MATH\castFP32.asm
                    jExit   0x003a80    program     static C:\MCC18\SRC\TRADIT~1\MATH\castFP08.asm
                   jExpEQ   0x003b7e    program     static C:\MCC18\SRC\TRADIT~1\MATH\compFP.asm
                   jFinal   0x003b62    program     static C:\MCC18\SRC\TRADIT~1\MATH\compFP.asm
               jFinalSign   0x00376a    program     static C:\MCC18\SRC\TRADIT~1\MATH\addFP.asm
                jHaveZero   0x00384c    program     static C:\MCC18\SRC\TRADIT~1\MATH\mulFP.asm
                jI2F08Beg   0x0035d0    program     static C:\MCC18\SRC\TRADIT~1\MATH\cast08FP.asm
                jI2F16Beg   0x0035f8    program     static C:\MCC18\SRC\TRADIT~1\MATH\cast16FP.asm
                jI2F32Beg   0x00362a    program     static C:\MCC18\SRC\TRADIT~1\MATH\cast32FP.asm
                    jLoop   0x0037cc    program     static C:\MCC18\SRC\TRADIT~1\MATH\divFP.asm
                    jLoop   0x003a68    program     static C:\MCC18\SRC\TRADIT~1\MATH\castFP08.asm
                    jLoop   0x008a18    program     static C:\MCC18\SRC\TRADIT~1\STDCLIB\slenpgm.asm
                    jLoop   0x003cfa    program     static C:\MCC18\SRC\TRADIT~1\MATH\castFP32.asm
                    jLoop   0x003abe    program     static C:\MCC18\SRC\TRADIT~1\MATH\castFP16.asm
                    jLoop   0x0089ee    program     static C:\MCC18\SRC\TRADIT~1\STDCLIB\strlen.asm
                jLoopExit   0x003d0e    program     static C:\MCC18\SRC\TRADIT~1\MATH\castFP32.asm
                jLoopExit   0x003ace    program     static C:\MCC18\SRC\TRADIT~1\MATH\castFP16.asm
                jLoopExit   0x003a76    program     static C:\MCC18\SRC\TRADIT~1\MATH\castFP08.asm
                   jMatch   0x008d0c    program     static C:\MCC18\SRC\TRADIT~1\STDCLIB\isdigit.asm
                     jMax   0x003a92    program     static C:\MCC18\SRC\TRADIT~1\MATH\castFP16.asm
                     jMax   0x003a44    program     static C:\MCC18\SRC\TRADIT~1\MATH\castFP08.asm
                     jMax   0x003cca    program     static C:\MCC18\SRC\TRADIT~1\MATH\castFP32.asm
                  jMaxNeg   0x003cdc    program     static C:\MCC18\SRC\TRADIT~1\MATH\castFP32.asm
                  jMaxNeg   0x003aa0    program     static C:\MCC18\SRC\TRADIT~1\MATH\castFP16.asm
                  jMaxNeg   0x003a4e    program     static C:\MCC18\SRC\TRADIT~1\MATH\castFP08.asm
                  jMaxPos   0x003a96    program     static C:\MCC18\SRC\TRADIT~1\MATH\castFP16.asm
                  jMaxPos   0x003cce    program     static C:\MCC18\SRC\TRADIT~1\MATH\castFP32.asm
                  jMaxPos   0x003a48    program     static C:\MCC18\SRC\TRADIT~1\MATH\castFP08.asm
                      jNE   0x003b30    program     static C:\MCC18\SRC\TRADIT~1\MATH\compFP.asm
                    jNext   0x0037f2    program     static C:\MCC18\SRC\TRADIT~1\MATH\divFP.asm
                jNoAdjust   0x0037f0    program     static C:\MCC18\SRC\TRADIT~1\MATH\divFP.asm
                  jNoExch   0x003b58    program     static C:\MCC18\SRC\TRADIT~1\MATH\compFP.asm
                 jNoMatch   0x008d0e    program     static C:\MCC18\SRC\TRADIT~1\STDCLIB\isdigit.asm
             jNotBothZero   0x003694    program     static C:\MCC18\SRC\TRADIT~1\MATH\addFP.asm
                  jNotInf   0x003a58    program     static C:\MCC18\SRC\TRADIT~1\MATH\castFP08.asm
                  jNotInf   0x003aae    program     static C:\MCC18\SRC\TRADIT~1\MATH\castFP16.asm
                  jNotInf   0x003ce8    program     static C:\MCC18\SRC\TRADIT~1\MATH\castFP32.asm
                  jPkLoop   0x003be2    program     static C:\MCC18\SRC\TRADIT~1\MATH\packFP.asm
             jPkRoundDone   0x003c2c    program     static C:\MCC18\SRC\TRADIT~1\MATH\packFP.asm
               jPkRoundIt   0x003c14    program     static C:\MCC18\SRC\TRADIT~1\MATH\packFP.asm
             jPkShiftDone   0x003bfe    program     static C:\MCC18\SRC\TRADIT~1\MATH\packFP.asm
           jReturnPosInf0   0x003bb8    program     static C:\MCC18\SRC\TRADIT~1\MATH\packFP.asm
                  jRotate   0x003b8a    program     static C:\MCC18\SRC\TRADIT~1\MATH\compFP.asm
                   jShift   0x003b74    program     static C:\MCC18\SRC\TRADIT~1\MATH\compFP.asm
               jShiftDone   0x00372a    program     static C:\MCC18\SRC\TRADIT~1\MATH\addFP.asm
               jShiftLoop   0x00371c    program     static C:\MCC18\SRC\TRADIT~1\MATH\addFP.asm
                jSignDone   0x00375a    program     static C:\MCC18\SRC\TRADIT~1\MATH\addFP.asm
              jSignedZero   0x00379a    program     static C:\MCC18\SRC\TRADIT~1\MATH\divFP.asm
                 jSignsEQ   0x003b14    program     static C:\MCC18\SRC\TRADIT~1\MATH\compFP.asm
                  jUnpkA1   0x003c56    program     static C:\MCC18\SRC\TRADIT~1\MATH\UnpackFP.asm
                  jUnpkA2   0x003c6e    program     static C:\MCC18\SRC\TRADIT~1\MATH\UnpackFP.asm
                 jUnpkANZ   0x003c64    program     static C:\MCC18\SRC\TRADIT~1\MATH\UnpackFP.asm
                  jUnpkB1   0x003c86    program     static C:\MCC18\SRC\TRADIT~1\MATH\UnpackFP.asm
                  jUnpkB2   0x003c9e    program     static C:\MCC18\SRC\TRADIT~1\MATH\UnpackFP.asm
                 jUnpkBNZ   0x003c94    program     static C:\MCC18\SRC\TRADIT~1\MATH\UnpackFP.asm
                 jUnpkNaN   0x003c78    program     static C:\MCC18\SRC\TRADIT~1\MATH\UnpackFP.asm
                 jWNotNeg   0x003716    program     static C:\MCC18\SRC\TRADIT~1\MATH\addFP.asm
                   jWr123   0x003cd4    program     static C:\MCC18\SRC\TRADIT~1\MATH\castFP32.asm
                  jWrZ123   0x003ce4    program     static C:\MCC18\SRC\TRADIT~1\MATH\castFP32.asm
                    jZero   0x003a54    program     static C:\MCC18\SRC\TRADIT~1\MATH\castFP08.asm
                    jZero   0x003ce2    program     static C:\MCC18\SRC\TRADIT~1\MATH\castFP32.asm
                    jZero   0x003aa8    program     static C:\MCC18\SRC\TRADIT~1\MATH\castFP16.asm
               jZero1and2   0x003bbc    program     static C:\MCC18\SRC\TRADIT~1\MATH\packFP.asm
             launcherInit   0x0008b0    program     extern C:\rs\currentStable\catlin_launcher.c
         launcher_ready_p   0x002014    program     extern C:\rs\currentStable\catlin_launcher.c
                    ldexp   0x0083e6    program     extern C:\mcc18\src\TRADIT~1\stdclib\ldexp.c
             learnCorrect   0x0018ee    program     extern C:\rs\currentStable\catlin_launcher.c
                learnHigh   0x00135a    program     extern C:\rs\currentStable\catlin_launcher.c
                 learnLow   0x000dcc    program     extern C:\rs\currentStable\catlin_launcher.c
         light_centered_p   0x004aca    program     extern C:\rs\currentStable\camera.c
                     loop   0x008d60    program     static C:\MCC18\SRC\TRADIT~1\PMC\USART\_usartpc.asm
                     loop   0x008c20    program     static                          
                     loop   0x008ca2    program     static                          
                     loop   0x008d74    program     static                          
                     loop   0x008d20    program     static                          
                     main   0x008cc4    program     extern C:\rs\currentStable\main.c
                   printf   0x0087ee    program     extern C:\mcc18\src\TRADIT~1\stdclib\printf.c
                     putc   0x008882    program     extern C:\mcc18\src\TRADIT~1\stdclib\putc.c
                rapidFire   0x007f76    program     extern C:\rs\currentStable\catlin_fire.c
          ready_to_fire_p   0x003d28    program     extern C:\rs\currentStable\camera_autonomous_d.c
                  s_delay   0x007266    program     static C:\FrcCode_2006_8722\Util_lib.asm
                 s_digits   0x008d9e    program     static C:\mcc18\src\TRADIT~1\stdclib\vfprintf.c
            s_put_n_chars   0x002096    program     static C:\mcc18\src\TRADIT~1\stdclib\vfprintf.c
              setLauncher   0x001efe    program     extern C:\rs\currentStable\catlin_launcher.c
       set_passerby_delay   0x005fe2    program     extern C:\rs\currentStable\tracking.c
                      sin   0x008b74    program     extern C:\mcc18\src\TRADIT~1\stdclib\sin.c
                     sqrt   0x006aaa    program     extern C:\mcc18\src\TRADIT~1\stdclib\sqrt.c
                   strlen   0x0089de    program     extern C:\MCC18\SRC\TRADIT~1\STDCLIB\strlen.asm
                strlenpgm   0x0089fa    program     extern C:\MCC18\SRC\TRADIT~1\STDCLIB\slenpgm.asm
                     test   0x00876a    program     static                          
           updateLauncher   0x0008d2    program     extern C:\rs\currentStable\catlin_launcher.c
                 vfprintf   0x0020c2    program     extern C:\mcc18\src\TRADIT~1\stdclib\vfprintf.c
             zeroLauncher   0x001ffc    program     extern C:\rs\currentStable\catlin_launcher.c
                   AARGB0   0x000042       data     extern C:\MCC18\SRC\TRADIT~1\MATH\aarg.asm
                   AARGB1   0x000041       data     extern C:\MCC18\SRC\TRADIT~1\MATH\aarg.asm
                   AARGB2   0x000040       data     extern C:\MCC18\SRC\TRADIT~1\MATH\aarg.asm
                   AARGB3   0x00003f       data     extern C:\MCC18\SRC\TRADIT~1\MATH\aarg.asm
                   AARGB4   0x00003e       data     extern C:\MCC18\SRC\TRADIT~1\MATH\aarg.asm
                   AARGB5   0x00003d       data     extern C:\MCC18\SRC\TRADIT~1\MATH\aarg.asm
                   AARGB6   0x00003c       data     extern C:\MCC18\SRC\TRADIT~1\MATH\aarg.asm
                   AARGB7   0x00003b       data     extern C:\MCC18\SRC\TRADIT~1\MATH\aarg.asm
                   ADCON0   0x000fc2       data     extern C:\MCC18\SRC\TRADIT~1\PROC\p18f8722.asm
               ADCON0bits   0x000fc2       data     extern C:\MCC18\SRC\TRADIT~1\PROC\p18f8722.asm
                   ADCON1   0x000fc1       data     extern C:\MCC18\SRC\TRADIT~1\PROC\p18f8722.asm
               ADCON1bits   0x000fc1       data     extern C:\MCC18\SRC\TRADIT~1\PROC\p18f8722.asm
                   ADCON2   0x000fc0       data     extern C:\MCC18\SRC\TRADIT~1\PROC\p18f8722.asm
               ADCON2bits   0x000fc0       data     extern C:\MCC18\SRC\TRADIT~1\PROC\p18f8722.asm
                    ADRES   0x000fc3       data     extern C:\MCC18\SRC\TRADIT~1\PROC\p18f8722.asm
                   ADRESH   0x000fc4       data     extern C:\MCC18\SRC\TRADIT~1\PROC\p18f8722.asm
                   ADRESL   0x000fc3       data     extern C:\MCC18\SRC\TRADIT~1\PROC\p18f8722.asm
                     AEXP   0x000043       data     extern C:\MCC18\SRC\TRADIT~1\MATH\aarg.asm
                   BARGB0   0x000047       data     extern C:\MCC18\SRC\TRADIT~1\MATH\barg.asm
                   BARGB1   0x000046       data     extern C:\MCC18\SRC\TRADIT~1\MATH\barg.asm
                   BARGB2   0x000045       data     extern C:\MCC18\SRC\TRADIT~1\MATH\barg.asm
                   BARGB3   0x000044       data     extern C:\MCC18\SRC\TRADIT~1\MATH\barg.asm
                  BAUDCON   0x000f7e       data     extern C:\MCC18\SRC\TRADIT~1\PROC\p18f8722.asm
                 BAUDCON1   0x000f7e       data     extern C:\MCC18\SRC\TRADIT~1\PROC\p18f8722.asm
             BAUDCON1bits   0x000f7e       data     extern C:\MCC18\SRC\TRADIT~1\PROC\p18f8722.asm
                 BAUDCON2   0x000f7c       data     extern C:\MCC18\SRC\TRADIT~1\PROC\p18f8722.asm
             BAUDCON2bits   0x000f7c       data     extern C:\MCC18\SRC\TRADIT~1\PROC\p18f8722.asm
              BAUDCONbits   0x000f7e       data     extern C:\MCC18\SRC\TRADIT~1\PROC\p18f8722.asm
                     BEXP   0x000048       data     extern C:\MCC18\SRC\TRADIT~1\MATH\barg.asm
                      BSR   0x000fe0       data     extern C:\MCC18\SRC\TRADIT~1\PROC\p18f8722.asm
                  CCP1CON   0x000fbd       data     extern C:\MCC18\SRC\TRADIT~1\PROC\p18f8722.asm
              CCP1CONbits   0x000fbd       data     extern C:\MCC18\SRC\TRADIT~1\PROC\p18f8722.asm
                  CCP2CON   0x000fba       data     extern C:\MCC18\SRC\TRADIT~1\PROC\p18f8722.asm
              CCP2CONbits   0x000fba       data     extern C:\MCC18\SRC\TRADIT~1\PROC\p18f8722.asm
                  CCP3CON   0x000fb7       data     extern C:\MCC18\SRC\TRADIT~1\PROC\p18f8722.asm
              CCP3CONbits   0x000fb7       data     extern C:\MCC18\SRC\TRADIT~1\PROC\p18f8722.asm
                  CCP4CON   0x000f73       data     extern C:\MCC18\SRC\TRADIT~1\PROC\p18f8722.asm
              CCP4CONbits   0x000f73       data     extern C:\MCC18\SRC\TRADIT~1\PROC\p18f8722.asm
                  CCP5CON   0x000f70       data     extern C:\MCC18\SRC\TRADIT~1\PROC\p18f8722.asm
              CCP5CONbits   0x000f70       data     extern C:\MCC18\SRC\TRADIT~1\PROC\p18f8722.asm
                    CCPR1   0x000fbe       data     extern C:\MCC18\SRC\TRADIT~1\PROC\p18f8722.asm
                   CCPR1H   0x000fbf       data     extern C:\MCC18\SRC\TRADIT~1\PROC\p18f8722.asm
                   CCPR1L   0x000fbe       data     extern C:\MCC18\SRC\TRADIT~1\PROC\p18f8722.asm
                    CCPR2   0x000fbb       data     extern C:\MCC18\SRC\TRADIT~1\PROC\p18f8722.asm
                   CCPR2H   0x000fbc       data     extern C:\MCC18\SRC\TRADIT~1\PROC\p18f8722.asm
                   CCPR2L   0x000fbb       data     extern C:\MCC18\SRC\TRADIT~1\PROC\p18f8722.asm
                    CCPR3   0x000fb8       data     extern C:\MCC18\SRC\TRADIT~1\PROC\p18f8722.asm
                   CCPR3H   0x000fb9       data     extern C:\MCC18\SRC\TRADIT~1\PROC\p18f8722.asm
                   CCPR3L   0x000fb8       data     extern C:\MCC18\SRC\TRADIT~1\PROC\p18f8722.asm
                    CCPR4   0x000f74       data     extern C:\MCC18\SRC\TRADIT~1\PROC\p18f8722.asm
                   CCPR4H   0x000f75       data     extern C:\MCC18\SRC\TRADIT~1\PROC\p18f8722.asm
                   CCPR4L   0x000f74       data     extern C:\MCC18\SRC\TRADIT~1\PROC\p18f8722.asm
                    CCPR5   0x000f71       data     extern C:\MCC18\SRC\TRADIT~1\PROC\p18f8722.asm
                   CCPR5H   0x000f72       data     extern C:\MCC18\SRC\TRADIT~1\PROC\p18f8722.asm
                   CCPR5L   0x000f71       data     extern C:\MCC18\SRC\TRADIT~1\PROC\p18f8722.asm
                    CMCON   0x000fb4       data     extern C:\MCC18\SRC\TRADIT~1\PROC\p18f8722.asm
                CMCONbits   0x000fb4       data     extern C:\MCC18\SRC\TRADIT~1\PROC\p18f8722.asm
                   CVRCON   0x000fb5       data     extern C:\MCC18\SRC\TRADIT~1\PROC\p18f8722.asm
               CVRCONbits   0x000fb5       data     extern C:\MCC18\SRC\TRADIT~1\PROC\p18f8722.asm
                      Cnt   0x000037       data     static C:\FrcCode_2006_8722\Util_lib.asm
                     Cnt1   0x000038       data     static C:\FrcCode_2006_8722\Util_lib.asm
                     DDRA   0x000f92       data     extern C:\MCC18\SRC\TRADIT~1\PROC\p18f8722.asm
                 DDRAbits   0x000f92       data     extern C:\MCC18\SRC\TRADIT~1\PROC\p18f8722.asm
                     DDRB   0x000f93       data     extern C:\MCC18\SRC\TRADIT~1\PROC\p18f8722.asm
                 DDRBbits   0x000f93       data     extern C:\MCC18\SRC\TRADIT~1\PROC\p18f8722.asm
                     DDRC   0x000f94       data     extern C:\MCC18\SRC\TRADIT~1\PROC\p18f8722.asm
                 DDRCbits   0x000f94       data     extern C:\MCC18\SRC\TRADIT~1\PROC\p18f8722.asm
                     DDRD   0x000f95       data     extern C:\MCC18\SRC\TRADIT~1\PROC\p18f8722.asm
                 DDRDbits   0x000f95       data     extern C:\MCC18\SRC\TRADIT~1\PROC\p18f8722.asm
                     DDRE   0x000f96       data     extern C:\MCC18\SRC\TRADIT~1\PROC\p18f8722.asm
                 DDREbits   0x000f96       data     extern C:\MCC18\SRC\TRADIT~1\PROC\p18f8722.asm
                     DDRF   0x000f97       data     extern C:\MCC18\SRC\TRADIT~1\PROC\p18f8722.asm
                 DDRFbits   0x000f97       data     extern C:\MCC18\SRC\TRADIT~1\PROC\p18f8722.asm
                     DDRG   0x000f98       data     extern C:\MCC18\SRC\TRADIT~1\PROC\p18f8722.asm
                 DDRGbits   0x000f98       data     extern C:\MCC18\SRC\TRADIT~1\PROC\p18f8722.asm
                     DDRH   0x000f99       data     extern C:\MCC18\SRC\TRADIT~1\PROC\p18f8722.asm
                 DDRHbits   0x000f99       data     extern C:\MCC18\SRC\TRADIT~1\PROC\p18f8722.asm
                     DDRJ   0x000f9a       data     extern C:\MCC18\SRC\TRADIT~1\PROC\p18f8722.asm
                 DDRJbits   0x000f9a       data     extern C:\MCC18\SRC\TRADIT~1\PROC\p18f8722.asm
            DelayCounter1   0x00004f       data     extern C:\MCC18\SRC\TRADIT~1\DELAYS\delayd1.asm
                  ECCP1AS   0x000fb6       data     extern C:\MCC18\SRC\TRADIT~1\PROC\p18f8722.asm
              ECCP1ASbits   0x000fb6       data     extern C:\MCC18\SRC\TRADIT~1\PROC\p18f8722.asm
                 ECCP1CON   0x000fbd       data     extern C:\MCC18\SRC\TRADIT~1\PROC\p18f8722.asm
             ECCP1CONbits   0x000fbd       data     extern C:\MCC18\SRC\TRADIT~1\PROC\p18f8722.asm
                 ECCP1DEL   0x000f79       data     extern C:\MCC18\SRC\TRADIT~1\PROC\p18f8722.asm
             ECCP1DELbits   0x000f79       data     extern C:\MCC18\SRC\TRADIT~1\PROC\p18f8722.asm
                  ECCP2AS   0x000f68       data     extern C:\MCC18\SRC\TRADIT~1\PROC\p18f8722.asm
              ECCP2ASbits   0x000f68       data     extern C:\MCC18\SRC\TRADIT~1\PROC\p18f8722.asm
                 ECCP2CON   0x000fba       data     extern C:\MCC18\SRC\TRADIT~1\PROC\p18f8722.asm
             ECCP2CONbits   0x000fba       data     extern C:\MCC18\SRC\TRADIT~1\PROC\p18f8722.asm
                 ECCP2DEL   0x000f67       data     extern C:\MCC18\SRC\TRADIT~1\PROC\p18f8722.asm
             ECCP2DELbits   0x000f67       data     extern C:\MCC18\SRC\TRADIT~1\PROC\p18f8722.asm
                  ECCP3AS   0x000f6a       data     extern C:\MCC18\SRC\TRADIT~1\PROC\p18f8722.asm
              ECCP3ASbits   0x000f6a       data     extern C:\MCC18\SRC\TRADIT~1\PROC\p18f8722.asm
                 ECCP3CON   0x000fb7       data     extern C:\MCC18\SRC\TRADIT~1\PROC\p18f8722.asm
             ECCP3CONbits   0x000fb7       data     extern C:\MCC18\SRC\TRADIT~1\PROC\p18f8722.asm
                 ECCP3DEL   0x000f69       data     extern C:\MCC18\SRC\TRADIT~1\PROC\p18f8722.asm
             ECCP3DELbits   0x000f69       data     extern C:\MCC18\SRC\TRADIT~1\PROC\p18f8722.asm
                    EEADR   0x000fa9       data     extern C:\MCC18\SRC\TRADIT~1\PROC\p18f8722.asm
                   EEADRH   0x000faa       data     extern C:\MCC18\SRC\TRADIT~1\PROC\p18f8722.asm
                   EECON1   0x000fa6       data     extern C:\MCC18\SRC\TRADIT~1\PROC\p18f8722.asm
               EECON1bits   0x000fa6       data     extern C:\MCC18\SRC\TRADIT~1\PROC\p18f8722.asm
                   EECON2   0x000fa7       data     extern C:\MCC18\SRC\TRADIT~1\PROC\p18f8722.asm
                   EEDATA   0x000fa8       data     extern C:\MCC18\SRC\TRADIT~1\PROC\p18f8722.asm
                  FPFLAGS   0x00004a       data     extern C:\MCC18\SRC\TRADIT~1\MATH\cmath18.asm
              FPFLAGSbits   0x00004a       data     extern C:\MCC18\SRC\TRADIT~1\MATH\cmath18.asm
                     FSR0   0x000fe9       data     extern C:\MCC18\SRC\TRADIT~1\PROC\p18f8722.asm
                    FSR0H   0x000fea       data     extern C:\MCC18\SRC\TRADIT~1\PROC\p18f8722.asm
                    FSR0L   0x000fe9       data     extern C:\MCC18\SRC\TRADIT~1\PROC\p18f8722.asm
                     FSR1   0x000fe1       data     extern C:\MCC18\SRC\TRADIT~1\PROC\p18f8722.asm
                    FSR1H   0x000fe2       data     extern C:\MCC18\SRC\TRADIT~1\PROC\p18f8722.asm
                    FSR1L   0x000fe1       data     extern C:\MCC18\SRC\TRADIT~1\PROC\p18f8722.asm
                     FSR2   0x000fd9       data     extern C:\MCC18\SRC\TRADIT~1\PROC\p18f8722.asm
                    FSR2H   0x000fda       data     extern C:\MCC18\SRC\TRADIT~1\PROC\p18f8722.asm
                    FSR2L   0x000fd9       data     extern C:\MCC18\SRC\TRADIT~1\PROC\p18f8722.asm
                FSRH_temp   0x000028       data     static C:\FrcCode_2006_8722\Util_lib.asm
                FSRL_temp   0x000029       data     static C:\FrcCode_2006_8722\Util_lib.asm
                  HLVDCON   0x000fd2       data     extern C:\MCC18\SRC\TRADIT~1\PROC\p18f8722.asm
              HLVDCONbits   0x000fd2       data     extern C:\MCC18\SRC\TRADIT~1\PROC\p18f8722.asm
                        I   0x0001f8       data     static C:\FrcCode_2006_8722\ifi_library.c
                    INDF0   0x000fef       data     extern C:\MCC18\SRC\TRADIT~1\PROC\p18f8722.asm
                    INDF1   0x000fe7       data     extern C:\MCC18\SRC\TRADIT~1\PROC\p18f8722.asm
                    INDF2   0x000fdf       data     extern C:\MCC18\SRC\TRADIT~1\PROC\p18f8722.asm
                   INTCON   0x000ff2       data     extern C:\MCC18\SRC\TRADIT~1\PROC\p18f8722.asm
                  INTCON2   0x000ff1       data     extern C:\MCC18\SRC\TRADIT~1\PROC\p18f8722.asm
              INTCON2bits   0x000ff1       data     extern C:\MCC18\SRC\TRADIT~1\PROC\p18f8722.asm
                  INTCON3   0x000ff0       data     extern C:\MCC18\SRC\TRADIT~1\PROC\p18f8722.asm
              INTCON3bits   0x000ff0       data     extern C:\MCC18\SRC\TRADIT~1\PROC\p18f8722.asm
               INTCONbits   0x000ff2       data     extern C:\MCC18\SRC\TRADIT~1\PROC\p18f8722.asm
                     IPR1   0x000f9f       data     extern C:\MCC18\SRC\TRADIT~1\PROC\p18f8722.asm
                 IPR1bits   0x000f9f       data     extern C:\MCC18\SRC\TRADIT~1\PROC\p18f8722.asm
                     IPR2   0x000fa2       data     extern C:\MCC18\SRC\TRADIT~1\PROC\p18f8722.asm
                 IPR2bits   0x000fa2       data     extern C:\MCC18\SRC\TRADIT~1\PROC\p18f8722.asm
                     IPR3   0x000fa5       data     extern C:\MCC18\SRC\TRADIT~1\PROC\p18f8722.asm
                 IPR3bits   0x000fa5       data     extern C:\MCC18\SRC\TRADIT~1\PROC\p18f8722.asm
                     LATA   0x000f89       data     extern C:\MCC18\SRC\TRADIT~1\PROC\p18f8722.asm
                 LATAbits   0x000f89       data     extern C:\MCC18\SRC\TRADIT~1\PROC\p18f8722.asm
                     LATB   0x000f8a       data     extern C:\MCC18\SRC\TRADIT~1\PROC\p18f8722.asm
                 LATBbits   0x000f8a       data     extern C:\MCC18\SRC\TRADIT~1\PROC\p18f8722.asm
                     LATC   0x000f8b       data     extern C:\MCC18\SRC\TRADIT~1\PROC\p18f8722.asm
                 LATCbits   0x000f8b       data     extern C:\MCC18\SRC\TRADIT~1\PROC\p18f8722.asm
                     LATD   0x000f8c       data     extern C:\MCC18\SRC\TRADIT~1\PROC\p18f8722.asm
                 LATDbits   0x000f8c       data     extern C:\MCC18\SRC\TRADIT~1\PROC\p18f8722.asm
                     LATE   0x000f8d       data     extern C:\MCC18\SRC\TRADIT~1\PROC\p18f8722.asm
                 LATEbits   0x000f8d       data     extern C:\MCC18\SRC\TRADIT~1\PROC\p18f8722.asm
                     LATF   0x000f8e       data     extern C:\MCC18\SRC\TRADIT~1\PROC\p18f8722.asm
                 LATFbits   0x000f8e       data     extern C:\MCC18\SRC\TRADIT~1\PROC\p18f8722.asm
                     LATG   0x000f8f       data     extern C:\MCC18\SRC\TRADIT~1\PROC\p18f8722.asm
                 LATGbits   0x000f8f       data     extern C:\MCC18\SRC\TRADIT~1\PROC\p18f8722.asm
                     LATH   0x000f90       data     extern C:\MCC18\SRC\TRADIT~1\PROC\p18f8722.asm
                 LATHbits   0x000f90       data     extern C:\MCC18\SRC\TRADIT~1\PROC\p18f8722.asm
                     LATJ   0x000f91       data     extern C:\MCC18\SRC\TRADIT~1\PROC\p18f8722.asm
                 LATJbits   0x000f91       data     extern C:\MCC18\SRC\TRADIT~1\PROC\p18f8722.asm
                   LVDCON   0x000fd2       data     extern C:\MCC18\SRC\TRADIT~1\PROC\p18f8722.asm
               LVDCONbits   0x000fd2       data     extern C:\MCC18\SRC\TRADIT~1\PROC\p18f8722.asm
                   MEMCON   0x000f9c       data     extern C:\MCC18\SRC\TRADIT~1\PROC\p18f8722.asm
               MEMCONbits   0x000f9c       data     extern C:\MCC18\SRC\TRADIT~1\PROC\p18f8722.asm
                   OSCCON   0x000fd3       data     extern C:\MCC18\SRC\TRADIT~1\PROC\p18f8722.asm
               OSCCONbits   0x000fd3       data     extern C:\MCC18\SRC\TRADIT~1\PROC\p18f8722.asm
                  OSCTUNE   0x000f9b       data     extern C:\MCC18\SRC\TRADIT~1\PROC\p18f8722.asm
              OSCTUNEbits   0x000f9b       data     extern C:\MCC18\SRC\TRADIT~1\PROC\p18f8722.asm
               Old_Port_B   0x0001ff       data     extern C:\rs\currentStable\user_routines_fast.c
                       PC   0x000ff9       data     extern C:\MCC18\SRC\TRADIT~1\PROC\p18f8722.asm
                      PCL   0x000ff9       data     extern C:\MCC18\SRC\TRADIT~1\PROC\p18f8722.asm
                   PCLATH   0x000ffa       data     extern C:\MCC18\SRC\TRADIT~1\PROC\p18f8722.asm
                   PCLATU   0x000ffb       data     extern C:\MCC18\SRC\TRADIT~1\PROC\p18f8722.asm
                     PIE1   0x000f9d       data     extern C:\MCC18\SRC\TRADIT~1\PROC\p18f8722.asm
[...]
                     DDRC   0x000f94       data     extern C:\MCC18\SRC\TRADIT~1\PROC\p18f8722.asm
                     DDRD   0x000f95       data     extern C:\MCC18\SRC\TRADIT~1\PROC\p18f8722.asm
                 DDRDbits   0x000f95       data     extern C:\MCC18\SRC\TRADIT~1\PROC\p18f8722.asm
                    TRISD   0x000f95       data     extern C:\MCC18\SRC\TRADIT~1\PROC\p18f8722.asm
                TRISDbits   0x000f95       data     extern C:\MCC18\SRC\TRADIT~1\PROC\p18f8722.asm
                 DDREbits   0x000f96       data     extern C:\MCC18\SRC\TRADIT~1\PROC\p18f8722.asm
                    TRISE   0x000f96       data     extern C:\MCC18\SRC\TRADIT~1\PROC\p18f8722.asm
                TRISEbits   0x000f96       data     extern C:\MCC18\SRC\TRADIT~1\PROC\p18f8722.asm
                     DDRE   0x000f96       data     extern C:\MCC18\SRC\TRADIT~1\PROC\p18f8722.asm
                 DDRFbits   0x000f97       data     extern C:\MCC18\SRC\TRADIT~1\PROC\p18f8722.asm
                     DDRF   0x000f97       data     extern C:\MCC18\SRC\TRADIT~1\PROC\p18f8722.asm
                    TRISF   0x000f97       data     extern C:\MCC18\SRC\TRADIT~1\PROC\p18f8722.asm
                TRISFbits   0x000f97       data     extern C:\MCC18\SRC\TRADIT~1\PROC\p18f8722.asm
                    TRISG   0x000f98       data     extern C:\MCC18\SRC\TRADIT~1\PROC\p18f8722.asm
                TRISGbits   0x000f98       data     extern C:\MCC18\SRC\TRADIT~1\PROC\p18f8722.asm
                     DDRG   0x000f98       data     extern C:\MCC18\SRC\TRADIT~1\PROC\p18f8722.asm
                 DDRGbits   0x000f98       data     extern C:\MCC18\SRC\TRADIT~1\PROC\p18f8722.asm
                    TRISH   0x000f99       data     extern C:\MCC18\SRC\TRADIT~1\PROC\p18f8722.asm
                     DDRH   0x000f99       data     extern C:\MCC18\SRC\TRADIT~1\PROC\p18f8722.asm
                 DDRHbits   0x000f99       data     extern C:\MCC18\SRC\TRADIT~1\PROC\p18f8722.asm
                TRISHbits   0x000f99       data     extern C:\MCC18\SRC\TRADIT~1\PROC\p18f8722.asm
                     DDRJ   0x000f9a       data     extern C:\MCC18\SRC\TRADIT~1\PROC\p18f8722.asm
                 DDRJbits   0x000f9a       data     extern C:\MCC18\SRC\TRADIT~1\PROC\p18f8722.asm
                    TRISJ   0x000f9a       data     extern C:\MCC18\SRC\TRADIT~1\PROC\p18f8722.asm
                TRISJbits   0x000f9a       data     extern C:\MCC18\SRC\TRADIT~1\PROC\p18f8722.asm
              OSCTUNEbits   0x000f9b       data     extern C:\MCC18\SRC\TRADIT~1\PROC\p18f8722.asm
                  OSCTUNE   0x000f9b       data     extern C:\MCC18\SRC\TRADIT~1\PROC\p18f8722.asm
               MEMCONbits   0x000f9c       data     extern C:\MCC18\SRC\TRADIT~1\PROC\p18f8722.asm
                   MEMCON   0x000f9c       data     extern C:\MCC18\SRC\TRADIT~1\PROC\p18f8722.asm
                     PIE1   0x000f9d       data     extern C:\MCC18\SRC\TRADIT~1\PROC\p18f8722.asm
                 PIE1bits   0x000f9d       data     extern C:\MCC18\SRC\TRADIT~1\PROC\p18f8722.asm
                     PIR1   0x000f9e       data     extern C:\MCC18\SRC\TRADIT~1\PROC\p18f8722.asm
                 PIR1bits   0x000f9e       data     extern C:\MCC18\SRC\TRADIT~1\PROC\p18f8722.asm
                     IPR1   0x000f9f       data     extern C:\MCC18\SRC\TRADIT~1\PROC\p18f8722.asm
                 IPR1bits   0x000f9f       data     extern C:\MCC18\SRC\TRADIT~1\PROC\p18f8722.asm
                 PIE2bits   0x000fa0       data     extern C:\MCC18\SRC\TRADIT~1\PROC\p18f8722.asm
                     PIE2   0x000fa0       data     extern C:\MCC18\SRC\TRADIT~1\PROC\p18f8722.asm
                 PIR2bits   0x000fa1       data     extern C:\MCC18\SRC\TRADIT~1\PROC\p18f8722.asm
                     PIR2   0x000fa1       data     extern C:\MCC18\SRC\TRADIT~1\PROC\p18f8722.asm
                     IPR2   0x000fa2       data     extern C:\MCC18\SRC\TRADIT~1\PROC\p18f8722.asm
                 IPR2bits   0x000fa2       data     extern C:\MCC18\SRC\TRADIT~1\PROC\p18f8722.asm
                     PIE3   0x000fa3       data     extern C:\MCC18\SRC\TRADIT~1\PROC\p18f8722.asm
                 PIE3bits   0x000fa3       data     extern C:\MCC18\SRC\TRADIT~1\PROC\p18f8722.asm
                 PIR3bits   0x000fa4       data     extern C:\MCC18\SRC\TRADIT~1\PROC\p18f8722.asm
                     PIR3   0x000fa4       data     extern C:\MCC18\SRC\TRADIT~1\PROC\p18f8722.asm
                 IPR3bits   0x000fa5       data     extern C:\MCC18\SRC\TRADIT~1\PROC\p18f8722.asm
                     IPR3   0x000fa5       data     extern C:\MCC18\SRC\TRADIT~1\PROC\p18f8722.asm
               EECON1bits   0x000fa6       data     extern C:\MCC18\SRC\TRADIT~1\PROC\p18f8722.asm
                   EECON1   0x000fa6       data     extern C:\MCC18\SRC\TRADIT~1\PROC\p18f8722.asm
                   EECON2   0x000fa7       data     extern C:\MCC18\SRC\TRADIT~1\PROC\p18f8722.asm
                   EEDATA   0x000fa8       data     extern C:\MCC18\SRC\TRADIT~1\PROC\p18f8722.asm
                    EEADR   0x000fa9       data     extern C:\MCC18\SRC\TRADIT~1\PROC\p18f8722.asm
                   EEADRH   0x000faa       data     extern C:\MCC18\SRC\TRADIT~1\PROC\p18f8722.asm
                RCSTAbits   0x000fab       data     extern C:\MCC18\SRC\TRADIT~1\PROC\p18f8722.asm
               RCSTA1bits   0x000fab       data     extern C:\MCC18\SRC\TRADIT~1\PROC\p18f8722.asm
                   RCSTA1   0x000fab       data     extern C:\MCC18\SRC\TRADIT~1\PROC\p18f8722.asm
                    RCSTA   0x000fab       data     extern C:\MCC18\SRC\TRADIT~1\PROC\p18f8722.asm
                TXSTAbits   0x000fac       data     extern C:\MCC18\SRC\TRADIT~1\PROC\p18f8722.asm
                    TXSTA   0x000fac       data     extern C:\MCC18\SRC\TRADIT~1\PROC\p18f8722.asm
               TXSTA1bits   0x000fac       data     extern C:\MCC18\SRC\TRADIT~1\PROC\p18f8722.asm
                   TXSTA1   0x000fac       data     extern C:\MCC18\SRC\TRADIT~1\PROC\p18f8722.asm
                    TXREG   0x000fad       data     extern C:\MCC18\SRC\TRADIT~1\PROC\p18f8722.asm
                   TXREG1   0x000fad       data     extern C:\MCC18\SRC\TRADIT~1\PROC\p18f8722.asm
                   RCREG1   0x000fae       data     extern C:\MCC18\SRC\TRADIT~1\PROC\p18f8722.asm
                    RCREG   0x000fae       data     extern C:\MCC18\SRC\TRADIT~1\PROC\p18f8722.asm
                    SPBRG   0x000faf       data     extern C:\MCC18\SRC\TRADIT~1\PROC\p18f8722.asm
                   SPBRG1   0x000faf       data     extern C:\MCC18\SRC\TRADIT~1\PROC\p18f8722.asm
                   PSPCON   0x000fb0       data     extern C:\MCC18\SRC\TRADIT~1\PROC\p18f8722.asm
               PSPCONbits   0x000fb0       data     extern C:\MCC18\SRC\TRADIT~1\PROC\p18f8722.asm
                    T3CON   0x000fb1       data     extern C:\MCC18\SRC\TRADIT~1\PROC\p18f8722.asm
                T3CONbits   0x000fb1       data     extern C:\MCC18\SRC\TRADIT~1\PROC\p18f8722.asm
                    TMR3L   0x000fb2       data     extern C:\MCC18\SRC\TRADIT~1\PROC\p18f8722.asm
                    TMR3H   0x000fb3       data     extern C:\MCC18\SRC\TRADIT~1\PROC\p18f8722.asm
                CMCONbits   0x000fb4       data     extern C:\MCC18\SRC\TRADIT~1\PROC\p18f8722.asm
                    CMCON   0x000fb4       data     extern C:\MCC18\SRC\TRADIT~1\PROC\p18f8722.asm
               CVRCONbits   0x000fb5       data     extern C:\MCC18\SRC\TRADIT~1\PROC\p18f8722.asm
                   CVRCON   0x000fb5       data     extern C:\MCC18\SRC\TRADIT~1\PROC\p18f8722.asm
              ECCP1ASbits   0x000fb6       data     extern C:\MCC18\SRC\TRADIT~1\PROC\p18f8722.asm
                  ECCP1AS   0x000fb6       data     extern C:\MCC18\SRC\TRADIT~1\PROC\p18f8722.asm
                 ECCP3CON   0x000fb7       data     extern C:\MCC18\SRC\TRADIT~1\PROC\p18f8722.asm
             ECCP3CONbits   0x000fb7       data     extern C:\MCC18\SRC\TRADIT~1\PROC\p18f8722.asm
                  CCP3CON   0x000fb7       data     extern C:\MCC18\SRC\TRADIT~1\PROC\p18f8722.asm
              CCP3CONbits   0x000fb7       data     extern C:\MCC18\SRC\TRADIT~1\PROC\p18f8722.asm
                   CCPR3L   0x000fb8       data     extern C:\MCC18\SRC\TRADIT~1\PROC\p18f8722.asm
                    CCPR3   0x000fb8       data     extern C:\MCC18\SRC\TRADIT~1\PROC\p18f8722.asm
                   CCPR3H   0x000fb9       data     extern C:\MCC18\SRC\TRADIT~1\PROC\p18f8722.asm
              CCP2CONbits   0x000fba       data     extern C:\MCC18\SRC\TRADIT~1\PROC\p18f8722.asm
                  CCP2CON   0x000fba       data     extern C:\MCC18\SRC\TRADIT~1\PROC\p18f8722.asm
                 ECCP2CON   0x000fba       data     extern C:\MCC18\SRC\TRADIT~1\PROC\p18f8722.asm
             ECCP2CONbits   0x000fba       data     extern C:\MCC18\SRC\TRADIT~1\PROC\p18f8722.asm
                    CCPR2   0x000fbb       data     extern C:\MCC18\SRC\TRADIT~1\PROC\p18f8722.asm
                   CCPR2L   0x000fbb       data     extern C:\MCC18\SRC\TRADIT~1\PROC\p18f8722.asm
                   CCPR2H   0x000fbc       data     extern C:\MCC18\SRC\TRADIT~1\PROC\p18f8722.asm
              CCP1CONbits   0x000fbd       data     extern C:\MCC18\SRC\TRADIT~1\PROC\p18f8722.asm
                  CCP1CON   0x000fbd       data     extern C:\MCC18\SRC\TRADIT~1\PROC\p18f8722.asm
                 ECCP1CON   0x000fbd       data     extern C:\MCC18\SRC\TRADIT~1\PROC\p18f8722.asm
             ECCP1CONbits   0x000fbd       data     extern C:\MCC18\SRC\TRADIT~1\PROC\p18f8722.asm
                   CCPR1L   0x000fbe       data     extern C:\MCC18\SRC\TRADIT~1\PROC\p18f8722.asm
                    CCPR1   0x000fbe       data     extern C:\MCC18\SRC\TRADIT~1\PROC\p18f8722.asm
                   CCPR1H   0x000fbf       data     extern C:\MCC18\SRC\TRADIT~1\PROC\p18f8722.asm
                   ADCON2   0x000fc0       data     extern C:\MCC18\SRC\TRADIT~1\PROC\p18f8722.asm
               ADCON2bits   0x000fc0       data     extern C:\MCC18\SRC\TRADIT~1\PROC\p18f8722.asm
                   ADCON1   0x000fc1       data     extern C:\MCC18\SRC\TRADIT~1\PROC\p18f8722.asm
               ADCON1bits   0x000fc1       data     extern C:\MCC18\SRC\TRADIT~1\PROC\p18f8722.asm
               ADCON0bits   0x000fc2       data     extern C:\MCC18\SRC\TRADIT~1\PROC\p18f8722.asm
                   ADCON0   0x000fc2       data     extern C:\MCC18\SRC\TRADIT~1\PROC\p18f8722.asm
                    ADRES   0x000fc3       data     extern C:\MCC18\SRC\TRADIT~1\PROC\p18f8722.asm
                   ADRESL   0x000fc3       data     extern C:\MCC18\SRC\TRADIT~1\PROC\p18f8722.asm
                   ADRESH   0x000fc4       data     extern C:\MCC18\SRC\TRADIT~1\PROC\p18f8722.asm
                 SSP1CON2   0x000fc5       data     extern C:\MCC18\SRC\TRADIT~1\PROC\p18f8722.asm
             SSP1CON2bits   0x000fc5       data     extern C:\MCC18\SRC\TRADIT~1\PROC\p18f8722.asm
                  SSPCON2   0x000fc5       data     extern C:\MCC18\SRC\TRADIT~1\PROC\p18f8722.asm
              SSPCON2bits   0x000fc5       data     extern C:\MCC18\SRC\TRADIT~1\PROC\p18f8722.asm
             SSP1CON1bits   0x000fc6       data     extern C:\MCC18\SRC\TRADIT~1\PROC\p18f8722.asm
                  SSPCON1   0x000fc6       data     extern C:\MCC18\SRC\TRADIT~1\PROC\p18f8722.asm
              SSPCON1bits   0x000fc6       data     extern C:\MCC18\SRC\TRADIT~1\PROC\p18f8722.asm
                 SSP1CON1   0x000fc6       data     extern C:\MCC18\SRC\TRADIT~1\PROC\p18f8722.asm
                 SSP1STAT   0x000fc7       data     extern C:\MCC18\SRC\TRADIT~1\PROC\p18f8722.asm
             SSP1STATbits   0x000fc7       data     extern C:\MCC18\SRC\TRADIT~1\PROC\p18f8722.asm
                  SSPSTAT   0x000fc7       data     extern C:\MCC18\SRC\TRADIT~1\PROC\p18f8722.asm
              SSPSTATbits   0x000fc7       data     extern C:\MCC18\SRC\TRADIT~1\PROC\p18f8722.asm
                   SSPADD   0x000fc8       data     extern C:\MCC18\SRC\TRADIT~1\PROC\p18f8722.asm
                  SSP1ADD   0x000fc8       data     extern C:\MCC18\SRC\TRADIT~1\PROC\p18f8722.asm
                   SSPBUF   0x000fc9       data     extern C:\MCC18\SRC\TRADIT~1\PROC\p18f8722.asm
                  SSP1BUF   0x000fc9       data     extern C:\MCC18\SRC\TRADIT~1\PROC\p18f8722.asm
                    T2CON   0x000fca       data     extern C:\MCC18\SRC\TRADIT~1\PROC\p18f8722.asm
                T2CONbits   0x000fca       data     extern C:\MCC18\SRC\TRADIT~1\PROC\p18f8722.asm
                      PR2   0x000fcb       data     extern C:\MCC18\SRC\TRADIT~1\PROC\p18f8722.asm
                     TMR2   0x000fcc       data     extern C:\MCC18\SRC\TRADIT~1\PROC\p18f8722.asm
                    T1CON   0x000fcd       data     extern C:\MCC18\SRC\TRADIT~1\PROC\p18f8722.asm
                T1CONbits   0x000fcd       data     extern C:\MCC18\SRC\TRADIT~1\PROC\p18f8722.asm
                    TMR1L   0x000fce       data     extern C:\MCC18\SRC\TRADIT~1\PROC\p18f8722.asm
                    TMR1H   0x000fcf       data     extern C:\MCC18\SRC\TRADIT~1\PROC\p18f8722.asm
                 RCONbits   0x000fd0       data     extern C:\MCC18\SRC\TRADIT~1\PROC\p18f8722.asm
                     RCON   0x000fd0       data     extern C:\MCC18\SRC\TRADIT~1\PROC\p18f8722.asm
               WDTCONbits   0x000fd1       data     extern C:\MCC18\SRC\TRADIT~1\PROC\p18f8722.asm
                   WDTCON   0x000fd1       data     extern C:\MCC18\SRC\TRADIT~1\PROC\p18f8722.asm
                  HLVDCON   0x000fd2       data     extern C:\MCC18\SRC\TRADIT~1\PROC\p18f8722.asm
              HLVDCONbits   0x000fd2       data     extern C:\MCC18\SRC\TRADIT~1\PROC\p18f8722.asm
               LVDCONbits   0x000fd2       data     extern C:\MCC18\SRC\TRADIT~1\PROC\p18f8722.asm
                   LVDCON   0x000fd2       data     extern C:\MCC18\SRC\TRADIT~1\PROC\p18f8722.asm
               OSCCONbits   0x000fd3       data     extern C:\MCC18\SRC\TRADIT~1\PROC\p18f8722.asm
                   OSCCON   0x000fd3       data     extern C:\MCC18\SRC\TRADIT~1\PROC\p18f8722.asm
                T0CONbits   0x000fd5       data     extern C:\MCC18\SRC\TRADIT~1\PROC\p18f8722.asm
                    T0CON   0x000fd5       data     extern C:\MCC18\SRC\TRADIT~1\PROC\p18f8722.asm
                    TMR0L   0x000fd6       data     extern C:\MCC18\SRC\TRADIT~1\PROC\p18f8722.asm
                    TMR0H   0x000fd7       data     extern C:\MCC18\SRC\TRADIT~1\PROC\p18f8722.asm
               STATUSbits   0x000fd8       data     extern C:\MCC18\SRC\TRADIT~1\PROC\p18f8722.asm
                   STATUS   0x000fd8       data     extern C:\MCC18\SRC\TRADIT~1\PROC\p18f8722.asm
                     FSR2   0x000fd9       data     extern C:\MCC18\SRC\TRADIT~1\PROC\p18f8722.asm
                    FSR2L   0x000fd9       data     extern C:\MCC18\SRC\TRADIT~1\PROC\p18f8722.asm
                    FSR2H   0x000fda       data     extern C:\MCC18\SRC\TRADIT~1\PROC\p18f8722.asm
                   PLUSW2   0x000fdb       data     extern C:\MCC18\SRC\TRADIT~1\PROC\p18f8722.asm
                  PREINC2   0x000fdc       data     extern C:\MCC18\SRC\TRADIT~1\PROC\p18f8722.asm
                 POSTDEC2   0x000fdd       data     extern C:\MCC18\SRC\TRADIT~1\PROC\p18f8722.asm
                 POSTINC2   0x000fde       data     extern C:\MCC18\SRC\TRADIT~1\PROC\p18f8722.asm
                    INDF2   0x000fdf       data     extern C:\MCC18\SRC\TRADIT~1\PROC\p18f8722.asm
                      BSR   0x000fe0       data     extern C:\MCC18\SRC\TRADIT~1\PROC\p18f8722.asm
                     FSR1   0x000fe1       data     extern C:\MCC18\SRC\TRADIT~1\PROC\p18f8722.asm
                    FSR1L   0x000fe1       data     extern C:\MCC18\SRC\TRADIT~1\PROC\p18f8722.asm
                    FSR1H   0x000fe2       data     extern C:\MCC18\SRC\TRADIT~1\PROC\p18f8722.asm
                   PLUSW1   0x000fe3       data     extern C:\MCC18\SRC\TRADIT~1\PROC\p18f8722.asm
                  PREINC1   0x000fe4       data     extern C:\MCC18\SRC\TRADIT~1\PROC\p18f8722.asm
                 POSTDEC1   0x000fe5       data     extern C:\MCC18\SRC\TRADIT~1\PROC\p18f8722.asm
                 POSTINC1   0x000fe6       data     extern C:\MCC18\SRC\TRADIT~1\PROC\p18f8722.asm
                    INDF1   0x000fe7       data     extern C:\MCC18\SRC\TRADIT~1\PROC\p18f8722.asm
                     WREG   0x000fe8       data     extern C:\MCC18\SRC\TRADIT~1\PROC\p18f8722.asm
                    FSR0L   0x000fe9       data     extern C:\MCC18\SRC\TRADIT~1\PROC\p18f8722.asm
                     FSR0   0x000fe9       data     extern C:\MCC18\SRC\TRADIT~1\PROC\p18f8722.asm
                    FSR0H   0x000fea       data     extern C:\MCC18\SRC\TRADIT~1\PROC\p18f8722.asm
                   PLUSW0   0x000feb       data     extern C:\MCC18\SRC\TRADIT~1\PROC\p18f8722.asm
                  PREINC0   0x000fec       data     extern C:\MCC18\SRC\TRADIT~1\PROC\p18f8722.asm
                 POSTDEC0   0x000fed       data     extern C:\MCC18\SRC\TRADIT~1\PROC\p18f8722.asm
                 POSTINC0   0x000fee       data     extern C:\MCC18\SRC\TRADIT~1\PROC\p18f8722.asm
                    INDF0   0x000fef       data     extern C:\MCC18\SRC\TRADIT~1\PROC\p18f8722.asm
                  INTCON3   0x000ff0       data     extern C:\MCC18\SRC\TRADIT~1\PROC\p18f8722.asm
              INTCON3bits   0x000ff0       data     extern C:\MCC18\SRC\TRADIT~1\PROC\p18f8722.asm
                  INTCON2   0x000ff1       data     extern C:\MCC18\SRC\TRADIT~1\PROC\p18f8722.asm
              INTCON2bits   0x000ff1       data     extern C:\MCC18\SRC\TRADIT~1\PROC\p18f8722.asm
                   INTCON   0x000ff2       data     extern C:\MCC18\SRC\TRADIT~1\PROC\p18f8722.asm
               INTCONbits   0x000ff2       data     extern C:\MCC18\SRC\TRADIT~1\PROC\p18f8722.asm
                    PRODL   0x000ff3       data     extern C:\MCC18\SRC\TRADIT~1\PROC\p18f8722.asm
                     PROD   0x000ff3       data     extern C:\MCC18\SRC\TRADIT~1\PROC\p18f8722.asm
                    PRODH   0x000ff4       data     extern C:\MCC18\SRC\TRADIT~1\PROC\p18f8722.asm
                   TABLAT   0x000ff5       data     extern C:\MCC18\SRC\TRADIT~1\PROC\p18f8722.asm
                   TBLPTR   0x000ff6       data     extern C:\MCC18\SRC\TRADIT~1\PROC\p18f8722.asm
                  TBLPTRL   0x000ff6       data     extern C:\MCC18\SRC\TRADIT~1\PROC\p18f8722.asm
                  TBLPTRH   0x000ff7       data     extern C:\MCC18\SRC\TRADIT~1\PROC\p18f8722.asm
                  TBLPTRU   0x000ff8       data     extern C:\MCC18\SRC\TRADIT~1\PROC\p18f8722.asm
                      PCL   0x000ff9       data     extern C:\MCC18\SRC\TRADIT~1\PROC\p18f8722.asm
                       PC   0x000ff9       data     extern C:\MCC18\SRC\TRADIT~1\PROC\p18f8722.asm
                   PCLATH   0x000ffa       data     extern C:\MCC18\SRC\TRADIT~1\PROC\p18f8722.asm
                   PCLATU   0x000ffb       data     extern C:\MCC18\SRC\TRADIT~1\PROC\p18f8722.asm
                   STKPTR   0x000ffc       data     extern C:\MCC18\SRC\TRADIT~1\PROC\p18f8722.asm
               STKPTRbits   0x000ffc       data     extern C:\MCC18\SRC\TRADIT~1\PROC\p18f8722.asm
                      TOS   0x000ffd       data     extern C:\MCC18\SRC\TRADIT~1\PROC\p18f8722.asm
                     TOSL   0x000ffd       data     extern C:\MCC18\SRC\TRADIT~1\PROC\p18f8722.asm
                     TOSH   0x000ffe       data     extern C:\MCC18\SRC\TRADIT~1\PROC\p18f8722.asm
                     TOSU   0x000fff       data     extern C:\MCC18\SRC\TRADIT~1\PROC\p18f8722.asm


